Archive member included to satisfy reference by file (symbol)

/usr/lib/gcc/avr/5.4.0/avr51/libgcc.a(_divmodhi4.o)
                              plane4.o (__divmodhi4)
/usr/lib/gcc/avr/5.4.0/avr51/libgcc.a(_divmodsi4.o)
                              hd44780.o (__divmodsi4)
/usr/lib/gcc/avr/5.4.0/avr51/libgcc.a(_negsi2.o)
                              /usr/lib/gcc/avr/5.4.0/avr51/libgcc.a(_divmodsi4.o) (__negsi2)
/usr/lib/gcc/avr/5.4.0/avr51/libgcc.a(_exit.o)
                              /usr/lib/gcc/avr/5.4.0/../../../avr/lib/avr51/crtatmega128.o (exit)
/usr/lib/gcc/avr/5.4.0/avr51/libgcc.a(_copy_data.o)
                              plane4.o (__do_copy_data)
/usr/lib/gcc/avr/5.4.0/avr51/libgcc.a(_clear_bss.o)
                              plane4.o (__do_clear_bss)
/usr/lib/gcc/avr/5.4.0/avr51/libgcc.a(_umulhisi3.o)
                              plane4.o (__umulhisi3)
/usr/lib/gcc/avr/5.4.0/avr51/libgcc.a(_udivmodhi4.o)
                              /usr/lib/gcc/avr/5.4.0/avr51/libgcc.a(_divmodhi4.o) (__udivmodhi4)
/usr/lib/gcc/avr/5.4.0/avr51/libgcc.a(_udivmodsi4.o)
                              /usr/lib/gcc/avr/5.4.0/avr51/libgcc.a(_divmodsi4.o) (__udivmodsi4)

Allocating common symbols
Common symbol       size              file

saveA               0x1               plane4.o
old_A               0x2               plane4.o
old_B               0x2               plane4.o
saveB               0x1               plane4.o
old_C               0x2               plane4.o
sec_temp            0x2               plane4.o
lcd_str             0x10              hd44780.o
old_D               0x2               plane4.o
min_temp            0x2               plane4.o
hr_temp             0x2               plane4.o
adc_data            0x2               plane4.o
raw_encoder_valR    0x1               plane4.o
raw_encoder_val     0x1               plane4.o
holder              0x2               plane4.o

Memory Configuration

Name             Origin             Length             Attributes
text             0x0000000000000000 0x0000000000020000 xr
data             0x0000000000800100 0x000000000000ff00 rw !x
eeprom           0x0000000000810000 0x0000000000010000 rw !x
fuse             0x0000000000820000 0x0000000000000003 rw !x
lock             0x0000000000830000 0x0000000000000400 rw !x
signature        0x0000000000840000 0x0000000000000400 rw !x
user_signatures  0x0000000000850000 0x0000000000000400 rw !x
*default*        0x0000000000000000 0xffffffffffffffff

Linker script and memory map

Address of section .data set to 0x800100
LOAD /usr/lib/gcc/avr/5.4.0/../../../avr/lib/avr51/crtatmega128.o
LOAD plane4.o
LOAD hd44780.o
START GROUP
LOAD /usr/lib/gcc/avr/5.4.0/avr51/libgcc.a
LOAD /usr/lib/gcc/avr/5.4.0/../../../avr/lib/avr51/libm.a
LOAD /usr/lib/gcc/avr/5.4.0/../../../avr/lib/avr51/libc.a
LOAD /usr/lib/gcc/avr/5.4.0/../../../avr/lib/avr51/libatmega128.a
END GROUP
                0x0000000000000000                __TEXT_REGION_ORIGIN__ = DEFINED (__TEXT_REGION_ORIGIN__)?__TEXT_REGION_ORIGIN__:0x0
                0x0000000000800100                __DATA_REGION_ORIGIN__ = DEFINED (__DATA_REGION_ORIGIN__)?__DATA_REGION_ORIGIN__:0x800100
                0x0000000000020000                __TEXT_REGION_LENGTH__ = DEFINED (__TEXT_REGION_LENGTH__)?__TEXT_REGION_LENGTH__:0x20000
                0x000000000000ff00                __DATA_REGION_LENGTH__ = DEFINED (__DATA_REGION_LENGTH__)?__DATA_REGION_LENGTH__:0xff00
                0x0000000000010000                __EEPROM_REGION_LENGTH__ = DEFINED (__EEPROM_REGION_LENGTH__)?__EEPROM_REGION_LENGTH__:0x10000
                [0x0000000000000003]                __FUSE_REGION_LENGTH__ = DEFINED (__FUSE_REGION_LENGTH__)?__FUSE_REGION_LENGTH__:0x400
                0x0000000000000400                __LOCK_REGION_LENGTH__ = DEFINED (__LOCK_REGION_LENGTH__)?__LOCK_REGION_LENGTH__:0x400
                0x0000000000000400                __SIGNATURE_REGION_LENGTH__ = DEFINED (__SIGNATURE_REGION_LENGTH__)?__SIGNATURE_REGION_LENGTH__:0x400
                0x0000000000000400                __USER_SIGNATURE_REGION_LENGTH__ = DEFINED (__USER_SIGNATURE_REGION_LENGTH__)?__USER_SIGNATURE_REGION_LENGTH__:0x400

.hash
 *(.hash)

.dynsym
 *(.dynsym)

.dynstr
 *(.dynstr)

.gnu.version
 *(.gnu.version)

.gnu.version_d
 *(.gnu.version_d)

.gnu.version_r
 *(.gnu.version_r)

.rel.init
 *(.rel.init)

.rela.init
 *(.rela.init)

.rel.text
 *(.rel.text)
 *(.rel.text.*)
 *(.rel.gnu.linkonce.t*)

.rela.text
 *(.rela.text)
 *(.rela.text.*)
 *(.rela.gnu.linkonce.t*)

.rel.fini
 *(.rel.fini)

.rela.fini
 *(.rela.fini)

.rel.rodata
 *(.rel.rodata)
 *(.rel.rodata.*)
 *(.rel.gnu.linkonce.r*)

.rela.rodata
 *(.rela.rodata)
 *(.rela.rodata.*)
 *(.rela.gnu.linkonce.r*)

.rel.data
 *(.rel.data)
 *(.rel.data.*)
 *(.rel.gnu.linkonce.d*)

.rela.data
 *(.rela.data)
 *(.rela.data.*)
 *(.rela.gnu.linkonce.d*)

.rel.ctors
 *(.rel.ctors)

.rela.ctors
 *(.rela.ctors)

.rel.dtors
 *(.rel.dtors)

.rela.dtors
 *(.rela.dtors)

.rel.got
 *(.rel.got)

.rela.got
 *(.rela.got)

.rel.bss
 *(.rel.bss)

.rela.bss
 *(.rela.bss)

.rel.plt
 *(.rel.plt)

.rela.plt
 *(.rela.plt)

.text           0x0000000000000000     0x1902
 *(.vectors)
 .vectors       0x0000000000000000       0x8c /usr/lib/gcc/avr/5.4.0/../../../avr/lib/avr51/crtatmega128.o
                0x0000000000000000                __vectors
                0x0000000000000000                __vector_default
 *(.vectors)
 *(.progmem.gcc*)
                0x000000000000008c                . = ALIGN (0x2)
                0x000000000000008c                __trampolines_start = .
 *(.trampolines)
 .trampolines   0x000000000000008c        0x0 linker stubs
 *(.trampolines*)
                0x000000000000008c                __trampolines_end = .
 *libprintf_flt.a:*(.progmem.data)
 *libc.a:*(.progmem.data)
 *(.progmem*)
                0x000000000000008c                . = ALIGN (0x2)
 *(.jumptables)
 *(.jumptables*)
 *(.lowtext)
 *(.lowtext*)
                0x000000000000008c                __ctors_start = .
 *(.ctors)
                0x000000000000008c                __ctors_end = .
                0x000000000000008c                __dtors_start = .
 *(.dtors)
                0x000000000000008c                __dtors_end = .
 SORT(*)(.ctors)
 SORT(*)(.dtors)
 *(.init0)
 .init0         0x000000000000008c        0x0 /usr/lib/gcc/avr/5.4.0/../../../avr/lib/avr51/crtatmega128.o
                0x000000000000008c                __init
 *(.init0)
 *(.init1)
 *(.init1)
 *(.init2)
 .init2         0x000000000000008c        0xc /usr/lib/gcc/avr/5.4.0/../../../avr/lib/avr51/crtatmega128.o
 *(.init2)
 *(.init3)
 *(.init3)
 *(.init4)
 .init4         0x0000000000000098       0x1a /usr/lib/gcc/avr/5.4.0/avr51/libgcc.a(_copy_data.o)
                0x0000000000000098                __do_copy_data
 .init4         0x00000000000000b2       0x10 /usr/lib/gcc/avr/5.4.0/avr51/libgcc.a(_clear_bss.o)
                0x00000000000000b2                __do_clear_bss
 *(.init4)
 *(.init5)
 *(.init5)
 *(.init6)
 *(.init6)
 *(.init7)
 *(.init7)
 *(.init8)
 *(.init8)
 *(.init9)
 .init9         0x00000000000000c2        0x8 /usr/lib/gcc/avr/5.4.0/../../../avr/lib/avr51/crtatmega128.o
 *(.init9)
 *(.text)
 .text          0x00000000000000ca        0x4 /usr/lib/gcc/avr/5.4.0/../../../avr/lib/avr51/crtatmega128.o
                0x00000000000000ca                __vector_22
                0x00000000000000ca                __vector_28
                0x00000000000000ca                __vector_1
                0x00000000000000ca                __vector_32
                0x00000000000000ca                __vector_34
                0x00000000000000ca                __vector_24
                0x00000000000000ca                __bad_interrupt
                0x00000000000000ca                __vector_6
                0x00000000000000ca                __vector_31
                0x00000000000000ca                __vector_3
                0x00000000000000ca                __vector_23
                0x00000000000000ca                __vector_30
                0x00000000000000ca                __vector_25
                0x00000000000000ca                __vector_11
                0x00000000000000ca                __vector_13
                0x00000000000000ca                __vector_17
                0x00000000000000ca                __vector_19
                0x00000000000000ca                __vector_7
                0x00000000000000ca                __vector_27
                0x00000000000000ca                __vector_5
                0x00000000000000ca                __vector_33
                0x00000000000000ca                __vector_4
                0x00000000000000ca                __vector_2
                0x00000000000000ca                __vector_21
                0x00000000000000ca                __vector_29
                0x00000000000000ca                __vector_8
                0x00000000000000ca                __vector_26
                0x00000000000000ca                __vector_14
                0x00000000000000ca                __vector_10
                0x00000000000000ca                __vector_16
                0x00000000000000ca                __vector_18
                0x00000000000000ca                __vector_20
 .text          0x00000000000000ce      0xb2e plane4.o
                0x0000000000000102                __vector_12
                0x0000000000000166                __vector_9
                0x0000000000000184                alarm_set
                0x00000000000001a6                alarm_compare
                0x00000000000001e0                alarm_bound_24
                0x000000000000023c                alarm_bound_12
                0x00000000000002a0                time_bound_24
                0x00000000000002fc                time_bound_12
                0x0000000000000360                time_tracker_12
                0x0000000000000390                time_tracker_24
                0x00000000000003ec                update_EN_alarm
                0x000000000000047a                update_EN
                0x0000000000000508                read_SPI
                0x0000000000000528                write_SPI
                0x0000000000000534                chk_buttons
                0x0000000000000576                minutes_seg
                0x0000000000000690                process_EN
                0x0000000000000840                __vector_15
                0x0000000000000a16                segsum
                0x0000000000000b0c                digit_display
                0x0000000000000b36                spi_init
                0x0000000000000b72                volume_init
                0x0000000000000b9c                tone_init
                0x0000000000000bb6                clock_init
                0x0000000000000bce                dimming_init
                0x0000000000000bde                ADC_init
 .text          0x0000000000000bfc      0x9e8 hd44780.o
                0x0000000000000bfc                send_lcd
                0x0000000000000c32                refresh_lcd
                0x0000000000000cec                set_custom_character
                0x0000000000000d60                set_cursor
                0x0000000000000d98                uint2lcd
                0x0000000000000e92                int2lcd
                0x0000000000000ece                cursor_on
                0x0000000000000efe                cursor_off
                0x0000000000000f2e                shift_right
                0x0000000000000f5e                shift_left
                0x0000000000000f8e                strobe_lcd
                0x0000000000000fa0                clear_display
                0x0000000000000fd0                cursor_home
                0x0000000000001000                home_line2
                0x0000000000001030                fill_spaces
                0x0000000000001068                char2lcd
                0x0000000000001098                string2lcd
                0x00000000000010f6                lcd_init
                0x000000000000127a                lcd_int32
                0x000000000000142a                lcd_int16
 .text          0x00000000000015e4        0x0 /usr/lib/gcc/avr/5.4.0/avr51/libgcc.a(_divmodhi4.o)
 .text          0x00000000000015e4        0x0 /usr/lib/gcc/avr/5.4.0/avr51/libgcc.a(_divmodsi4.o)
 .text          0x00000000000015e4        0x0 /usr/lib/gcc/avr/5.4.0/avr51/libgcc.a(_negsi2.o)
 .text          0x00000000000015e4        0x0 /usr/lib/gcc/avr/5.4.0/avr51/libgcc.a(_exit.o)
 .text          0x00000000000015e4        0x0 /usr/lib/gcc/avr/5.4.0/avr51/libgcc.a(_copy_data.o)
 .text          0x00000000000015e4        0x0 /usr/lib/gcc/avr/5.4.0/avr51/libgcc.a(_clear_bss.o)
 .text          0x00000000000015e4        0x0 /usr/lib/gcc/avr/5.4.0/avr51/libgcc.a(_umulhisi3.o)
 .text          0x00000000000015e4        0x0 /usr/lib/gcc/avr/5.4.0/avr51/libgcc.a(_udivmodhi4.o)
 .text          0x00000000000015e4        0x0 /usr/lib/gcc/avr/5.4.0/avr51/libgcc.a(_udivmodsi4.o)
                0x00000000000015e4                . = ALIGN (0x2)
 *(.text.*)
 .text.startup  0x00000000000015e4      0x22a plane4.o
                0x00000000000015e4                main
 .text.libgcc.mul
                0x000000000000180e        0x0 /usr/lib/gcc/avr/5.4.0/avr51/libgcc.a(_divmodhi4.o)
 .text.libgcc.div
                0x000000000000180e       0x28 /usr/lib/gcc/avr/5.4.0/avr51/libgcc.a(_divmodhi4.o)
                0x000000000000180e                __divmodhi4
                0x000000000000180e                _div
 .text.libgcc   0x0000000000001836        0x0 /usr/lib/gcc/avr/5.4.0/avr51/libgcc.a(_divmodhi4.o)
 .text.libgcc.prologue
                0x0000000000001836        0x0 /usr/lib/gcc/avr/5.4.0/avr51/libgcc.a(_divmodhi4.o)
 .text.libgcc.builtins
                0x0000000000001836        0x0 /usr/lib/gcc/avr/5.4.0/avr51/libgcc.a(_divmodhi4.o)
 .text.libgcc.fmul
                0x0000000000001836        0x0 /usr/lib/gcc/avr/5.4.0/avr51/libgcc.a(_divmodhi4.o)
 .text.libgcc.fixed
                0x0000000000001836        0x0 /usr/lib/gcc/avr/5.4.0/avr51/libgcc.a(_divmodhi4.o)
 .text.libgcc.mul
                0x0000000000001836        0x0 /usr/lib/gcc/avr/5.4.0/avr51/libgcc.a(_divmodsi4.o)
 .text.libgcc.div
                0x0000000000001836       0x2e /usr/lib/gcc/avr/5.4.0/avr51/libgcc.a(_divmodsi4.o)
                0x0000000000001836                __divmodsi4
 .text.libgcc   0x0000000000001864        0x0 /usr/lib/gcc/avr/5.4.0/avr51/libgcc.a(_divmodsi4.o)
 .text.libgcc.prologue
                0x0000000000001864        0x0 /usr/lib/gcc/avr/5.4.0/avr51/libgcc.a(_divmodsi4.o)
 .text.libgcc.builtins
                0x0000000000001864        0x0 /usr/lib/gcc/avr/5.4.0/avr51/libgcc.a(_divmodsi4.o)
 .text.libgcc.fmul
                0x0000000000001864        0x0 /usr/lib/gcc/avr/5.4.0/avr51/libgcc.a(_divmodsi4.o)
 .text.libgcc.fixed
                0x0000000000001864        0x0 /usr/lib/gcc/avr/5.4.0/avr51/libgcc.a(_divmodsi4.o)
 .text.libgcc.mul
                0x0000000000001864        0x0 /usr/lib/gcc/avr/5.4.0/avr51/libgcc.a(_negsi2.o)
 .text.libgcc.div
                0x0000000000001864       0x10 /usr/lib/gcc/avr/5.4.0/avr51/libgcc.a(_negsi2.o)
                0x0000000000001864                __negsi2
 .text.libgcc   0x0000000000001874        0x0 /usr/lib/gcc/avr/5.4.0/avr51/libgcc.a(_negsi2.o)
 .text.libgcc.prologue
                0x0000000000001874        0x0 /usr/lib/gcc/avr/5.4.0/avr51/libgcc.a(_negsi2.o)
 .text.libgcc.builtins
                0x0000000000001874        0x0 /usr/lib/gcc/avr/5.4.0/avr51/libgcc.a(_negsi2.o)
 .text.libgcc.fmul
                0x0000000000001874        0x0 /usr/lib/gcc/avr/5.4.0/avr51/libgcc.a(_negsi2.o)
 .text.libgcc.fixed
                0x0000000000001874        0x0 /usr/lib/gcc/avr/5.4.0/avr51/libgcc.a(_negsi2.o)
 .text.libgcc.mul
                0x0000000000001874        0x0 /usr/lib/gcc/avr/5.4.0/avr51/libgcc.a(_exit.o)
 .text.libgcc.div
                0x0000000000001874        0x0 /usr/lib/gcc/avr/5.4.0/avr51/libgcc.a(_exit.o)
 .text.libgcc   0x0000000000001874        0x0 /usr/lib/gcc/avr/5.4.0/avr51/libgcc.a(_exit.o)
 .text.libgcc.prologue
                0x0000000000001874        0x0 /usr/lib/gcc/avr/5.4.0/avr51/libgcc.a(_exit.o)
 .text.libgcc.builtins
                0x0000000000001874        0x0 /usr/lib/gcc/avr/5.4.0/avr51/libgcc.a(_exit.o)
 .text.libgcc.fmul
                0x0000000000001874        0x0 /usr/lib/gcc/avr/5.4.0/avr51/libgcc.a(_exit.o)
 .text.libgcc.fixed
                0x0000000000001874        0x0 /usr/lib/gcc/avr/5.4.0/avr51/libgcc.a(_exit.o)
 .text.libgcc.mul
                0x0000000000001874        0x0 /usr/lib/gcc/avr/5.4.0/avr51/libgcc.a(_copy_data.o)
 .text.libgcc.div
                0x0000000000001874        0x0 /usr/lib/gcc/avr/5.4.0/avr51/libgcc.a(_copy_data.o)
 .text.libgcc   0x0000000000001874        0x0 /usr/lib/gcc/avr/5.4.0/avr51/libgcc.a(_copy_data.o)
 .text.libgcc.prologue
                0x0000000000001874        0x0 /usr/lib/gcc/avr/5.4.0/avr51/libgcc.a(_copy_data.o)
 .text.libgcc.builtins
                0x0000000000001874        0x0 /usr/lib/gcc/avr/5.4.0/avr51/libgcc.a(_copy_data.o)
 .text.libgcc.fmul
                0x0000000000001874        0x0 /usr/lib/gcc/avr/5.4.0/avr51/libgcc.a(_copy_data.o)
 .text.libgcc.fixed
                0x0000000000001874        0x0 /usr/lib/gcc/avr/5.4.0/avr51/libgcc.a(_copy_data.o)
 .text.libgcc.mul
                0x0000000000001874        0x0 /usr/lib/gcc/avr/5.4.0/avr51/libgcc.a(_clear_bss.o)
 .text.libgcc.div
                0x0000000000001874        0x0 /usr/lib/gcc/avr/5.4.0/avr51/libgcc.a(_clear_bss.o)
 .text.libgcc   0x0000000000001874        0x0 /usr/lib/gcc/avr/5.4.0/avr51/libgcc.a(_clear_bss.o)
 .text.libgcc.prologue
                0x0000000000001874        0x0 /usr/lib/gcc/avr/5.4.0/avr51/libgcc.a(_clear_bss.o)
 .text.libgcc.builtins
                0x0000000000001874        0x0 /usr/lib/gcc/avr/5.4.0/avr51/libgcc.a(_clear_bss.o)
 .text.libgcc.fmul
                0x0000000000001874        0x0 /usr/lib/gcc/avr/5.4.0/avr51/libgcc.a(_clear_bss.o)
 .text.libgcc.fixed
                0x0000000000001874        0x0 /usr/lib/gcc/avr/5.4.0/avr51/libgcc.a(_clear_bss.o)
 .text.libgcc.mul
                0x0000000000001874       0x1e /usr/lib/gcc/avr/5.4.0/avr51/libgcc.a(_umulhisi3.o)
                0x0000000000001874                __umulhisi3
 .text.libgcc.div
                0x0000000000001892        0x0 /usr/lib/gcc/avr/5.4.0/avr51/libgcc.a(_umulhisi3.o)
 .text.libgcc   0x0000000000001892        0x0 /usr/lib/gcc/avr/5.4.0/avr51/libgcc.a(_umulhisi3.o)
 .text.libgcc.prologue
                0x0000000000001892        0x0 /usr/lib/gcc/avr/5.4.0/avr51/libgcc.a(_umulhisi3.o)
 .text.libgcc.builtins
                0x0000000000001892        0x0 /usr/lib/gcc/avr/5.4.0/avr51/libgcc.a(_umulhisi3.o)
 .text.libgcc.fmul
                0x0000000000001892        0x0 /usr/lib/gcc/avr/5.4.0/avr51/libgcc.a(_umulhisi3.o)
 .text.libgcc.fixed
                0x0000000000001892        0x0 /usr/lib/gcc/avr/5.4.0/avr51/libgcc.a(_umulhisi3.o)
 .text.libgcc.mul
                0x0000000000001892        0x0 /usr/lib/gcc/avr/5.4.0/avr51/libgcc.a(_udivmodhi4.o)
 .text.libgcc.div
                0x0000000000001892       0x28 /usr/lib/gcc/avr/5.4.0/avr51/libgcc.a(_udivmodhi4.o)
                0x0000000000001892                __udivmodhi4
 .text.libgcc   0x00000000000018ba        0x0 /usr/lib/gcc/avr/5.4.0/avr51/libgcc.a(_udivmodhi4.o)
 .text.libgcc.prologue
                0x00000000000018ba        0x0 /usr/lib/gcc/avr/5.4.0/avr51/libgcc.a(_udivmodhi4.o)
 .text.libgcc.builtins
                0x00000000000018ba        0x0 /usr/lib/gcc/avr/5.4.0/avr51/libgcc.a(_udivmodhi4.o)
 .text.libgcc.fmul
                0x00000000000018ba        0x0 /usr/lib/gcc/avr/5.4.0/avr51/libgcc.a(_udivmodhi4.o)
 .text.libgcc.fixed
                0x00000000000018ba        0x0 /usr/lib/gcc/avr/5.4.0/avr51/libgcc.a(_udivmodhi4.o)
 .text.libgcc.mul
                0x00000000000018ba        0x0 /usr/lib/gcc/avr/5.4.0/avr51/libgcc.a(_udivmodsi4.o)
 .text.libgcc.div
                0x00000000000018ba       0x44 /usr/lib/gcc/avr/5.4.0/avr51/libgcc.a(_udivmodsi4.o)
                0x00000000000018ba                __udivmodsi4
 .text.libgcc   0x00000000000018fe        0x0 /usr/lib/gcc/avr/5.4.0/avr51/libgcc.a(_udivmodsi4.o)
 .text.libgcc.prologue
                0x00000000000018fe        0x0 /usr/lib/gcc/avr/5.4.0/avr51/libgcc.a(_udivmodsi4.o)
 .text.libgcc.builtins
                0x00000000000018fe        0x0 /usr/lib/gcc/avr/5.4.0/avr51/libgcc.a(_udivmodsi4.o)
 .text.libgcc.fmul
                0x00000000000018fe        0x0 /usr/lib/gcc/avr/5.4.0/avr51/libgcc.a(_udivmodsi4.o)
 .text.libgcc.fixed
                0x00000000000018fe        0x0 /usr/lib/gcc/avr/5.4.0/avr51/libgcc.a(_udivmodsi4.o)
                0x00000000000018fe                . = ALIGN (0x2)
 *(.fini9)
 .fini9         0x00000000000018fe        0x0 /usr/lib/gcc/avr/5.4.0/avr51/libgcc.a(_exit.o)
                0x00000000000018fe                exit
                0x00000000000018fe                _exit
 *(.fini9)
 *(.fini8)
 *(.fini8)
 *(.fini7)
 *(.fini7)
 *(.fini6)
 *(.fini6)
 *(.fini5)
 *(.fini5)
 *(.fini4)
 *(.fini4)
 *(.fini3)
 *(.fini3)
 *(.fini2)
 *(.fini2)
 *(.fini1)
 *(.fini1)
 *(.fini0)
 .fini0         0x00000000000018fe        0x4 /usr/lib/gcc/avr/5.4.0/avr51/libgcc.a(_exit.o)
 *(.fini0)
                0x0000000000001902                _etext = .

.data           0x0000000000800100       0x2c load address 0x0000000000001902
                0x0000000000800100                PROVIDE (__data_start, .)
 *(.data)
 .data          0x0000000000800100        0x0 /usr/lib/gcc/avr/5.4.0/../../../avr/lib/avr51/crtatmega128.o
 .data          0x0000000000800100       0x2b plane4.o
                0x0000000000800100                dec_to_7seg
                0x000000000080010d                segment_data
                0x0000000000800113                minutes
                0x0000000000800115                hours
                0x0000000000800117                seconds_holder
                0x0000000000800119                al_hr12
                0x000000000080011b                lcd_string_array
 .data          0x000000000080012b        0x0 hd44780.o
 .data          0x000000000080012b        0x0 /usr/lib/gcc/avr/5.4.0/avr51/libgcc.a(_divmodhi4.o)
 .data          0x000000000080012b        0x0 /usr/lib/gcc/avr/5.4.0/avr51/libgcc.a(_divmodsi4.o)
 .data          0x000000000080012b        0x0 /usr/lib/gcc/avr/5.4.0/avr51/libgcc.a(_negsi2.o)
 .data          0x000000000080012b        0x0 /usr/lib/gcc/avr/5.4.0/avr51/libgcc.a(_exit.o)
 .data          0x000000000080012b        0x0 /usr/lib/gcc/avr/5.4.0/avr51/libgcc.a(_copy_data.o)
 .data          0x000000000080012b        0x0 /usr/lib/gcc/avr/5.4.0/avr51/libgcc.a(_clear_bss.o)
 .data          0x000000000080012b        0x0 /usr/lib/gcc/avr/5.4.0/avr51/libgcc.a(_umulhisi3.o)
 .data          0x000000000080012b        0x0 /usr/lib/gcc/avr/5.4.0/avr51/libgcc.a(_udivmodhi4.o)
 .data          0x000000000080012b        0x0 /usr/lib/gcc/avr/5.4.0/avr51/libgcc.a(_udivmodsi4.o)
 *(.data*)
 *(.gnu.linkonce.d*)
 *(.rodata)
 *(.rodata*)
 *(.gnu.linkonce.r*)
                0x000000000080012c                . = ALIGN (0x2)
 *fill*         0x000000000080012b        0x1 
                0x000000000080012c                _edata = .
                0x000000000080012c                PROVIDE (__data_end, .)

.bss            0x000000000080012c       0x53
                0x000000000080012c                PROVIDE (__bss_start, .)
 *(.bss)
 .bss           0x000000000080012c        0x0 /usr/lib/gcc/avr/5.4.0/../../../avr/lib/avr51/crtatmega128.o
 .bss           0x000000000080012c       0x2c plane4.o
                0x000000000080012c                r_counter
                0x000000000080012e                state_counter
                0x0000000000800130                read
                0x0000000000800132                setting
                0x0000000000800133                mode
                0x0000000000800134                increment
                0x0000000000800136                count
                0x0000000000800138                seconds
                0x000000000080013a                toggle
                0x000000000080013c                dp
                0x000000000080013e                alarm
                0x0000000000800140                al_sec
                0x0000000000800142                al_min12
                0x0000000000800144                time_setting
                0x0000000000800146                new_data
 .bss           0x0000000000800158        0x1 hd44780.o
 .bss           0x0000000000800159        0x0 /usr/lib/gcc/avr/5.4.0/avr51/libgcc.a(_divmodhi4.o)
 .bss           0x0000000000800159        0x0 /usr/lib/gcc/avr/5.4.0/avr51/libgcc.a(_divmodsi4.o)
 .bss           0x0000000000800159        0x0 /usr/lib/gcc/avr/5.4.0/avr51/libgcc.a(_negsi2.o)
 .bss           0x0000000000800159        0x0 /usr/lib/gcc/avr/5.4.0/avr51/libgcc.a(_exit.o)
 .bss           0x0000000000800159        0x0 /usr/lib/gcc/avr/5.4.0/avr51/libgcc.a(_copy_data.o)
 .bss           0x0000000000800159        0x0 /usr/lib/gcc/avr/5.4.0/avr51/libgcc.a(_clear_bss.o)
 .bss           0x0000000000800159        0x0 /usr/lib/gcc/avr/5.4.0/avr51/libgcc.a(_umulhisi3.o)
 .bss           0x0000000000800159        0x0 /usr/lib/gcc/avr/5.4.0/avr51/libgcc.a(_udivmodhi4.o)
 .bss           0x0000000000800159        0x0 /usr/lib/gcc/avr/5.4.0/avr51/libgcc.a(_udivmodsi4.o)
 *(.bss*)
 *(COMMON)
 COMMON         0x0000000000800159       0x16 plane4.o
                0x0000000000800159                saveA
                0x000000000080015a                old_A
                0x000000000080015c                old_B
                0x000000000080015e                saveB
                0x000000000080015f                old_C
                0x0000000000800161                sec_temp
                0x0000000000800163                old_D
                0x0000000000800165                min_temp
                0x0000000000800167                hr_temp
                0x0000000000800169                adc_data
                0x000000000080016b                raw_encoder_valR
                0x000000000080016c                raw_encoder_val
                0x000000000080016d                holder
 COMMON         0x000000000080016f       0x10 hd44780.o
                0x000000000080016f                lcd_str
                0x000000000080017f                PROVIDE (__bss_end, .)
                0x0000000000001902                __data_load_start = LOADADDR (.data)
                0x000000000000192e                __data_load_end = (__data_load_start + SIZEOF (.data))

.noinit         0x000000000080017f        0x0
                [!provide]                        PROVIDE (__noinit_start, .)
 *(.noinit*)
                [!provide]                        PROVIDE (__noinit_end, .)
                0x000000000080017f                _end = .
                [!provide]                        PROVIDE (__heap_start, .)

.eeprom         0x0000000000810000        0x0
 *(.eeprom*)
                0x0000000000810000                __eeprom_end = .

.fuse
 *(.fuse)
 *(.lfuse)
 *(.hfuse)
 *(.efuse)

.lock
 *(.lock*)

.signature
 *(.signature*)

.user_signatures
 *(.user_signatures*)

.stab           0x0000000000000000     0x37ec
 *(.stab)
 .stab          0x0000000000000000     0x1e18 plane4.o
 .stab          0x0000000000001e18     0x19d4 hd44780.o
                                       0x1bcc (size before relaxing)

.stabstr        0x0000000000000000     0x1846
 *(.stabstr)
 .stabstr       0x0000000000000000     0x1846 plane4.o

.stab.excl
 *(.stab.excl)

.stab.exclstr
 *(.stab.exclstr)

.stab.index
 *(.stab.index)

.stab.indexstr
 *(.stab.indexstr)

.comment        0x0000000000000000       0x11
 *(.comment)
 .comment       0x0000000000000000       0x11 plane4.o
                                         0x12 (size before relaxing)
 .comment       0x0000000000000011       0x12 hd44780.o

.note.gnu.avr.deviceinfo
                0x0000000000000000       0x3c
 .note.gnu.avr.deviceinfo
                0x0000000000000000       0x3c /usr/lib/gcc/avr/5.4.0/../../../avr/lib/avr51/crtatmega128.o

.note.gnu.build-id
 *(.note.gnu.build-id)

.debug
 *(.debug)

.line
 *(.line)

.debug_srcinfo
 *(.debug_srcinfo)

.debug_sfnames
 *(.debug_sfnames)

.debug_aranges
 *(.debug_aranges)

.debug_pubnames
 *(.debug_pubnames)

.debug_info     0x0000000000000000      0x780
 *(.debug_info .gnu.linkonce.wi.*)
 .debug_info    0x0000000000000000      0x780 /usr/lib/gcc/avr/5.4.0/../../../avr/lib/avr51/crtatmega128.o

.debug_abbrev   0x0000000000000000      0x718
 *(.debug_abbrev)
 .debug_abbrev  0x0000000000000000      0x718 /usr/lib/gcc/avr/5.4.0/../../../avr/lib/avr51/crtatmega128.o

.debug_line     0x0000000000000000       0x1a
 *(.debug_line .debug_line.* .debug_line_end)
 .debug_line    0x0000000000000000       0x1a /usr/lib/gcc/avr/5.4.0/../../../avr/lib/avr51/crtatmega128.o

.debug_frame
 *(.debug_frame)

.debug_str      0x0000000000000000      0x27d
 *(.debug_str)
 .debug_str     0x0000000000000000      0x27d /usr/lib/gcc/avr/5.4.0/../../../avr/lib/avr51/crtatmega128.o

.debug_loc
 *(.debug_loc)

.debug_macinfo
 *(.debug_macinfo)

.debug_weaknames
 *(.debug_weaknames)

.debug_funcnames
 *(.debug_funcnames)

.debug_typenames
 *(.debug_typenames)

.debug_varnames
 *(.debug_varnames)

.debug_pubtypes
 *(.debug_pubtypes)

.debug_ranges
 *(.debug_ranges)

.debug_macro
 *(.debug_macro)
OUTPUT(plane4.elf elf32-avr)
LOAD linker stubs
