Archive member included to satisfy reference by file (symbol)

/usr/lib/gcc/avr/5.4.0/avr51/libgcc.a(_divmodhi4.o)
                              final.o (__divmodhi4)
/usr/lib/gcc/avr/5.4.0/avr51/libgcc.a(_divmodsi4.o)
                              hd44780.o (__divmodsi4)
/usr/lib/gcc/avr/5.4.0/avr51/libgcc.a(_negsi2.o)
                              /usr/lib/gcc/avr/5.4.0/avr51/libgcc.a(_divmodsi4.o) (__negsi2)
/usr/lib/gcc/avr/5.4.0/avr51/libgcc.a(_exit.o)
                              /usr/lib/gcc/avr/5.4.0/../../../avr/lib/avr51/crtatmega128.o (exit)
/usr/lib/gcc/avr/5.4.0/avr51/libgcc.a(_tablejump2.o)
                              final.o (__tablejump2__)
/usr/lib/gcc/avr/5.4.0/avr51/libgcc.a(_copy_data.o)
                              final.o (__do_copy_data)
/usr/lib/gcc/avr/5.4.0/avr51/libgcc.a(_clear_bss.o)
                              final.o (__do_clear_bss)
/usr/lib/gcc/avr/5.4.0/avr51/libgcc.a(_umulhisi3.o)
                              final.o (__umulhisi3)
/usr/lib/gcc/avr/5.4.0/avr51/libgcc.a(_udivmodhi4.o)
                              /usr/lib/gcc/avr/5.4.0/avr51/libgcc.a(_divmodhi4.o) (__udivmodhi4)
/usr/lib/gcc/avr/5.4.0/avr51/libgcc.a(_udivmodsi4.o)
                              /usr/lib/gcc/avr/5.4.0/avr51/libgcc.a(_divmodsi4.o) (__udivmodsi4)
/usr/lib/gcc/avr/5.4.0/../../../avr/lib/avr51/libc.a(itoa_ncheck.o)
                              final.o (__itoa_ncheck)
/usr/lib/gcc/avr/5.4.0/../../../avr/lib/avr51/libc.a(utoa_ncheck.o)
                              /usr/lib/gcc/avr/5.4.0/../../../avr/lib/avr51/libc.a(itoa_ncheck.o) (__utoa_common)
/usr/lib/gcc/avr/5.4.0/../../../avr/lib/avr51/libc.a(strrev.o)
                              /usr/lib/gcc/avr/5.4.0/../../../avr/lib/avr51/libc.a(utoa_ncheck.o) (strrev)
/usr/lib/gcc/avr/5.4.0/../../../avr/lib/avr51/libatmega128.a(eerd_byte.o)
                              si4734_driver/si4734.o (eeprom_read_byte)
/usr/lib/gcc/avr/5.4.0/../../../avr/lib/avr51/libatmega128.a(eerd_word.o)
                              si4734_driver/si4734.o (eeprom_read_word)
/usr/lib/gcc/avr/5.4.0/../../../avr/lib/avr51/libatmega128.a(eewr_byte.o)
                              si4734_driver/si4734.o (eeprom_write_byte)
/usr/lib/gcc/avr/5.4.0/../../../avr/lib/avr51/libatmega128.a(eewr_word.o)
                              si4734_driver/si4734.o (eeprom_write_word)
/usr/lib/gcc/avr/5.4.0/../../../avr/lib/avr51/libatmega128.a(eerd_block.o)
                              /usr/lib/gcc/avr/5.4.0/../../../avr/lib/avr51/libatmega128.a(eerd_word.o) (eeprom_read_blraw)

Allocating common symbols
Common symbol       size              file

eeprom_volume       0x1               final.o
eeprom_fm_freq      0x2               final.o
rcv_rdy             0x1               final.o
uart_tx_buf         0x28              uart_functions.o
saveA               0x1               final.o
twi_state           0x1               twi_master/twi_master.o
current_radio_band  0x2               final.o
twi_buf             0x2               twi_master/twi_master.o
uart1_tx_buf        0x28              uart_functions.o
incr_freq           0x1               final.o
lcd_string_array    0x20              hd44780.o
old_A               0x2               final.o
si4734_wr_buf       0x9               final.o
old_B               0x2               final.o
lm73_wr_buf         0x2               lm73_functions.o
si4734_tune_status_buf
                    0x8               final.o
eeprom_am_freq      0x2               final.o
saveB               0x1               final.o
old_C               0x2               final.o
uart_buf            0x10              final.o
current_volume      0x1               final.o
si4734_revision_buf
                    0x10              si4734_driver/si4734.o
twi_bus_addr        0x1               twi_master/twi_master.o
i                   0x2               final.o
lcd_str             0x10              hd44780.o
twi_msg_size        0x1               twi_master/twi_master.o
current_am_freq     0x2               final.o
old_D               0x2               final.o
uart1_rx_buf        0x28              uart_functions.o
current_fm_freq     0x2               final.o
STC_interrupt       0x1               final.o
adc_data            0x2               final.o
temp_str            0x20              final.o
current_sw_freq     0x2               final.o
lm73_rd_buf         0x2               lm73_functions.o
uart_rx_buf         0x28              uart_functions.o
raw_encoder_valR    0x1               final.o
raw_encoder_val     0x1               final.o
eeprom_sw_freq      0x2               final.o
si4734_rd_buf       0xf               si4734_driver/si4734.o
rx_char             0x1               final.o

Memory Configuration

Name             Origin             Length             Attributes
text             0x0000000000000000 0x0000000000020000 xr
data             0x0000000000800100 0x000000000000ff00 rw !x
eeprom           0x0000000000810000 0x0000000000010000 rw !x
fuse             0x0000000000820000 0x0000000000000003 rw !x
lock             0x0000000000830000 0x0000000000000400 rw !x
signature        0x0000000000840000 0x0000000000000400 rw !x
user_signatures  0x0000000000850000 0x0000000000000400 rw !x
*default*        0x0000000000000000 0xffffffffffffffff

Linker script and memory map

Address of section .data set to 0x800100
LOAD /usr/lib/gcc/avr/5.4.0/../../../avr/lib/avr51/crtatmega128.o
LOAD final.o
LOAD si4734_driver/si4734.o
LOAD uart_functions.o
LOAD twi_master/twi_master.o
LOAD lm73_functions.o
LOAD hd44780.o
START GROUP
LOAD /usr/lib/gcc/avr/5.4.0/avr51/libgcc.a
LOAD /usr/lib/gcc/avr/5.4.0/../../../avr/lib/avr51/libm.a
LOAD /usr/lib/gcc/avr/5.4.0/../../../avr/lib/avr51/libc.a
LOAD /usr/lib/gcc/avr/5.4.0/../../../avr/lib/avr51/libatmega128.a
END GROUP
                0x0000000000000000                __TEXT_REGION_ORIGIN__ = DEFINED (__TEXT_REGION_ORIGIN__)?__TEXT_REGION_ORIGIN__:0x0
                0x0000000000800100                __DATA_REGION_ORIGIN__ = DEFINED (__DATA_REGION_ORIGIN__)?__DATA_REGION_ORIGIN__:0x800100
                0x0000000000020000                __TEXT_REGION_LENGTH__ = DEFINED (__TEXT_REGION_LENGTH__)?__TEXT_REGION_LENGTH__:0x20000
                0x000000000000ff00                __DATA_REGION_LENGTH__ = DEFINED (__DATA_REGION_LENGTH__)?__DATA_REGION_LENGTH__:0xff00
                0x0000000000010000                __EEPROM_REGION_LENGTH__ = DEFINED (__EEPROM_REGION_LENGTH__)?__EEPROM_REGION_LENGTH__:0x10000
                [0x0000000000000003]                __FUSE_REGION_LENGTH__ = DEFINED (__FUSE_REGION_LENGTH__)?__FUSE_REGION_LENGTH__:0x400
                0x0000000000000400                __LOCK_REGION_LENGTH__ = DEFINED (__LOCK_REGION_LENGTH__)?__LOCK_REGION_LENGTH__:0x400
                0x0000000000000400                __SIGNATURE_REGION_LENGTH__ = DEFINED (__SIGNATURE_REGION_LENGTH__)?__SIGNATURE_REGION_LENGTH__:0x400
                0x0000000000000400                __USER_SIGNATURE_REGION_LENGTH__ = DEFINED (__USER_SIGNATURE_REGION_LENGTH__)?__USER_SIGNATURE_REGION_LENGTH__:0x400

.hash
 *(.hash)

.dynsym
 *(.dynsym)

.dynstr
 *(.dynstr)

.gnu.version
 *(.gnu.version)

.gnu.version_d
 *(.gnu.version_d)

.gnu.version_r
 *(.gnu.version_r)

.rel.init
 *(.rel.init)

.rela.init
 *(.rela.init)

.rel.text
 *(.rel.text)
 *(.rel.text.*)
 *(.rel.gnu.linkonce.t*)

.rela.text
 *(.rela.text)
 *(.rela.text.*)
 *(.rela.gnu.linkonce.t*)

.rel.fini
 *(.rel.fini)

.rela.fini
 *(.rela.fini)

.rel.rodata
 *(.rel.rodata)
 *(.rel.rodata.*)
 *(.rel.gnu.linkonce.r*)

.rela.rodata
 *(.rela.rodata)
 *(.rela.rodata.*)
 *(.rela.gnu.linkonce.r*)

.rel.data
 *(.rel.data)
 *(.rel.data.*)
 *(.rel.gnu.linkonce.d*)

.rela.data
 *(.rela.data)
 *(.rela.data.*)
 *(.rela.gnu.linkonce.d*)

.rel.ctors
 *(.rel.ctors)

.rela.ctors
 *(.rela.ctors)

.rel.dtors
 *(.rel.dtors)

.rela.dtors
 *(.rela.dtors)

.rel.got
 *(.rel.got)

.rela.got
 *(.rela.got)

.rel.bss
 *(.rel.bss)

.rela.bss
 *(.rela.bss)

.rel.plt
 *(.rel.plt)

.rela.plt
 *(.rela.plt)

.text           0x0000000000000000     0x27c4
 *(.vectors)
 .vectors       0x0000000000000000       0x8c /usr/lib/gcc/avr/5.4.0/../../../avr/lib/avr51/crtatmega128.o
                0x0000000000000000                __vectors
                0x0000000000000000                __vector_default
 *(.vectors)
 *(.progmem.gcc*)
 .progmem.gcc_sw_table
                0x000000000000008c       0x82 final.o
 .progmem.gcc_sw_table
                0x000000000000010e       0xa2 twi_master/twi_master.o
                0x00000000000001b0                . = ALIGN (0x2)
                0x00000000000001b0                __trampolines_start = .
 *(.trampolines)
 .trampolines   0x00000000000001b0        0x0 linker stubs
 *(.trampolines*)
                0x00000000000001b0                __trampolines_end = .
 *libprintf_flt.a:*(.progmem.data)
 *libc.a:*(.progmem.data)
 *(.progmem*)
                0x00000000000001b0                . = ALIGN (0x2)
 *(.jumptables)
 *(.jumptables*)
 *(.lowtext)
 *(.lowtext*)
                0x00000000000001b0                __ctors_start = .
 *(.ctors)
                0x00000000000001b0                __ctors_end = .
                0x00000000000001b0                __dtors_start = .
 *(.dtors)
                0x00000000000001b0                __dtors_end = .
 SORT(*)(.ctors)
 SORT(*)(.dtors)
 *(.init0)
 .init0         0x00000000000001b0        0x0 /usr/lib/gcc/avr/5.4.0/../../../avr/lib/avr51/crtatmega128.o
                0x00000000000001b0                __init
 *(.init0)
 *(.init1)
 *(.init1)
 *(.init2)
 .init2         0x00000000000001b0        0xc /usr/lib/gcc/avr/5.4.0/../../../avr/lib/avr51/crtatmega128.o
 *(.init2)
 *(.init3)
 *(.init3)
 *(.init4)
 .init4         0x00000000000001bc       0x1a /usr/lib/gcc/avr/5.4.0/avr51/libgcc.a(_copy_data.o)
                0x00000000000001bc                __do_copy_data
 .init4         0x00000000000001d6       0x10 /usr/lib/gcc/avr/5.4.0/avr51/libgcc.a(_clear_bss.o)
                0x00000000000001d6                __do_clear_bss
 *(.init4)
 *(.init5)
 *(.init5)
 *(.init6)
 *(.init6)
 *(.init7)
 *(.init7)
 *(.init8)
 *(.init8)
 *(.init9)
 .init9         0x00000000000001e6        0x8 /usr/lib/gcc/avr/5.4.0/../../../avr/lib/avr51/crtatmega128.o
 *(.init9)
 *(.text)
 .text          0x00000000000001ee        0x4 /usr/lib/gcc/avr/5.4.0/../../../avr/lib/avr51/crtatmega128.o
                0x00000000000001ee                __vector_22
                0x00000000000001ee                __vector_28
                0x00000000000001ee                __vector_1
                0x00000000000001ee                __vector_32
                0x00000000000001ee                __vector_34
                0x00000000000001ee                __vector_24
                0x00000000000001ee                __bad_interrupt
                0x00000000000001ee                __vector_6
                0x00000000000001ee                __vector_31
                0x00000000000001ee                __vector_3
                0x00000000000001ee                __vector_23
                0x00000000000001ee                __vector_30
                0x00000000000001ee                __vector_25
                0x00000000000001ee                __vector_11
                0x00000000000001ee                __vector_13
                0x00000000000001ee                __vector_17
                0x00000000000001ee                __vector_19
                0x00000000000001ee                __vector_7
                0x00000000000001ee                __vector_27
                0x00000000000001ee                __vector_5
                0x00000000000001ee                __vector_4
                0x00000000000001ee                __vector_2
                0x00000000000001ee                __vector_21
                0x00000000000001ee                __vector_29
                0x00000000000001ee                __vector_26
                0x00000000000001ee                __vector_14
                0x00000000000001ee                __vector_10
                0x00000000000001ee                __vector_16
                0x00000000000001ee                __vector_20
 .text          0x00000000000001f2      0xff8 final.o
                0x000000000000023e                __vector_8
                0x000000000000025c                alarm_compare
                0x00000000000002a4                alarm_compare2
                0x0000000000000310                chk_buttons
                0x000000000000034e                process_EN
                0x00000000000004fe                update_freq
                0x0000000000000546                update_EN
                0x00000000000005ec                update_EN_alarm
                0x0000000000000692                read_SPI
                0x00000000000006a6                write_SPI
                0x00000000000006b2                __vector_12
                0x00000000000006d8                __vector_9
                0x00000000000006f6                __vector_15
                0x0000000000000a1c                disable_alarm
                0x0000000000000aa2                freq_bound
                0x0000000000000ad4                alarm_bound_12
                0x0000000000000bae                time_bound_12
                0x0000000000000cac                time_tracker_12
                0x0000000000000d34                digit_display
                0x0000000000000d5a                spi_init
                0x0000000000000d82                volume_init
                0x0000000000000da8                tone_init
                0x0000000000000dc4                clock_init
                0x0000000000000ddc                dimming_init
                0x0000000000000dec                ADC_init
                0x0000000000000e0a                radio_init
                0x0000000000000e22                segsum
                0x0000000000000f06                temp_display
                0x0000000000000f9e                temp_sens
                0x0000000000000fd8                set_alarm_sound
                0x0000000000001162                radio_on
                0x0000000000001170                radio_reset
                0x000000000000118e                __vector_18
 .text          0x00000000000011ea      0x55a si4734_driver/si4734.o
                0x00000000000011ea                get_int_status
                0x000000000000122a                fm_tune_freq
                0x0000000000001262                am_tune_freq
                0x000000000000129e                sw_tune_freq
                0x00000000000012d8                radio_pwr_dwn
                0x000000000000134c                fm_rsq_status
                0x000000000000138e                fm_tune_status
                0x00000000000013d0                am_tune_status
                0x0000000000001408                am_rsq_status
                0x0000000000001440                set_property
                0x000000000000146a                fm_pwr_up
                0x00000000000014be                am_pwr_up
                0x0000000000001512                sw_pwr_up
                0x000000000000157e                get_rev
                0x0000000000001610                get_fm_rsq_status
 .text          0x0000000000001744       0xf6 uart_functions.o
                0x0000000000001744                uart_putc
                0x0000000000001750                uart1_putc
                0x0000000000001766                uart_puts
                0x0000000000001782                uart1_puts
                0x00000000000017a8                uart_puts_p
                0x00000000000017ce                uart_init
                0x00000000000017e8                uart1_init
                0x0000000000001808                uart_getc
                0x000000000000181e                uart1_getc
 .text          0x000000000000183a      0x17c twi_master/twi_master.o
                0x000000000000183a                __vector_33
                0x0000000000001958                twi_busy
                0x0000000000001960                twi_start_wr
                0x0000000000001982                twi_start_rd
                0x00000000000019a4                init_twi
 .text          0x00000000000019b6        0x0 lm73_functions.o
 .text          0x00000000000019b6      0x976 hd44780.o
                0x00000000000019b6                send_lcd
                0x00000000000019e0                refresh_lcd
                0x0000000000001aa6                set_custom_character
                0x0000000000001b12                set_cursor
                0x0000000000001b3e                uint2lcd
                0x0000000000001c12                int2lcd
                0x0000000000001c4a                cursor_on
                0x0000000000001c6e                cursor_off
                0x0000000000001c92                shift_right
                0x0000000000001cb6                shift_left
                0x0000000000001cda                strobe_lcd
                0x0000000000001cec                clear_display
                0x0000000000001d1c                cursor_home
                0x0000000000001d4c                line2_col1
                0x0000000000001d70                line1_col1
                0x0000000000001d94                fill_spaces
                0x0000000000001dc8                char2lcd
                0x0000000000001dec                string2lcd
                0x0000000000001e46                lcd_init
                0x0000000000001fca                lcd_int32
                0x0000000000002176                lcd_int16
 .text          0x000000000000232c        0x0 /usr/lib/gcc/avr/5.4.0/avr51/libgcc.a(_divmodhi4.o)
 .text          0x000000000000232c        0x0 /usr/lib/gcc/avr/5.4.0/avr51/libgcc.a(_divmodsi4.o)
 .text          0x000000000000232c        0x0 /usr/lib/gcc/avr/5.4.0/avr51/libgcc.a(_negsi2.o)
 .text          0x000000000000232c        0x0 /usr/lib/gcc/avr/5.4.0/avr51/libgcc.a(_exit.o)
 .text          0x000000000000232c        0x0 /usr/lib/gcc/avr/5.4.0/avr51/libgcc.a(_tablejump2.o)
 .text          0x000000000000232c        0x0 /usr/lib/gcc/avr/5.4.0/avr51/libgcc.a(_copy_data.o)
 .text          0x000000000000232c        0x0 /usr/lib/gcc/avr/5.4.0/avr51/libgcc.a(_clear_bss.o)
 .text          0x000000000000232c        0x0 /usr/lib/gcc/avr/5.4.0/avr51/libgcc.a(_umulhisi3.o)
 .text          0x000000000000232c        0x0 /usr/lib/gcc/avr/5.4.0/avr51/libgcc.a(_udivmodhi4.o)
 .text          0x000000000000232c        0x0 /usr/lib/gcc/avr/5.4.0/avr51/libgcc.a(_udivmodsi4.o)
 .text          0x000000000000232c        0x0 /usr/lib/gcc/avr/5.4.0/../../../avr/lib/avr51/libc.a(itoa_ncheck.o)
 .text          0x000000000000232c        0x0 /usr/lib/gcc/avr/5.4.0/../../../avr/lib/avr51/libc.a(utoa_ncheck.o)
 .text          0x000000000000232c        0x0 /usr/lib/gcc/avr/5.4.0/../../../avr/lib/avr51/libc.a(strrev.o)
 .text          0x000000000000232c        0x0 /usr/lib/gcc/avr/5.4.0/../../../avr/lib/avr51/libatmega128.a(eerd_byte.o)
 .text          0x000000000000232c        0x0 /usr/lib/gcc/avr/5.4.0/../../../avr/lib/avr51/libatmega128.a(eerd_word.o)
 .text          0x000000000000232c        0x0 /usr/lib/gcc/avr/5.4.0/../../../avr/lib/avr51/libatmega128.a(eewr_byte.o)
 .text          0x000000000000232c        0x0 /usr/lib/gcc/avr/5.4.0/../../../avr/lib/avr51/libatmega128.a(eewr_word.o)
 .text          0x000000000000232c        0x0 /usr/lib/gcc/avr/5.4.0/../../../avr/lib/avr51/libatmega128.a(eerd_block.o)
                0x000000000000232c                . = ALIGN (0x2)
 *(.text.*)
 .text.startup  0x000000000000232c      0x2c8 final.o
                0x000000000000232c                main
 .text.libgcc.mul
                0x00000000000025f4        0x0 /usr/lib/gcc/avr/5.4.0/avr51/libgcc.a(_divmodhi4.o)
 .text.libgcc.div
                0x00000000000025f4       0x28 /usr/lib/gcc/avr/5.4.0/avr51/libgcc.a(_divmodhi4.o)
                0x00000000000025f4                __divmodhi4
                0x00000000000025f4                _div
 .text.libgcc   0x000000000000261c        0x0 /usr/lib/gcc/avr/5.4.0/avr51/libgcc.a(_divmodhi4.o)
 .text.libgcc.prologue
                0x000000000000261c        0x0 /usr/lib/gcc/avr/5.4.0/avr51/libgcc.a(_divmodhi4.o)
 .text.libgcc.builtins
                0x000000000000261c        0x0 /usr/lib/gcc/avr/5.4.0/avr51/libgcc.a(_divmodhi4.o)
 .text.libgcc.fmul
                0x000000000000261c        0x0 /usr/lib/gcc/avr/5.4.0/avr51/libgcc.a(_divmodhi4.o)
 .text.libgcc.fixed
                0x000000000000261c        0x0 /usr/lib/gcc/avr/5.4.0/avr51/libgcc.a(_divmodhi4.o)
 .text.libgcc.mul
                0x000000000000261c        0x0 /usr/lib/gcc/avr/5.4.0/avr51/libgcc.a(_divmodsi4.o)
 .text.libgcc.div
                0x000000000000261c       0x2e /usr/lib/gcc/avr/5.4.0/avr51/libgcc.a(_divmodsi4.o)
                0x000000000000261c                __divmodsi4
 .text.libgcc   0x000000000000264a        0x0 /usr/lib/gcc/avr/5.4.0/avr51/libgcc.a(_divmodsi4.o)
 .text.libgcc.prologue
                0x000000000000264a        0x0 /usr/lib/gcc/avr/5.4.0/avr51/libgcc.a(_divmodsi4.o)
 .text.libgcc.builtins
                0x000000000000264a        0x0 /usr/lib/gcc/avr/5.4.0/avr51/libgcc.a(_divmodsi4.o)
 .text.libgcc.fmul
                0x000000000000264a        0x0 /usr/lib/gcc/avr/5.4.0/avr51/libgcc.a(_divmodsi4.o)
 .text.libgcc.fixed
                0x000000000000264a        0x0 /usr/lib/gcc/avr/5.4.0/avr51/libgcc.a(_divmodsi4.o)
 .text.libgcc.mul
                0x000000000000264a        0x0 /usr/lib/gcc/avr/5.4.0/avr51/libgcc.a(_negsi2.o)
 .text.libgcc.div
                0x000000000000264a       0x10 /usr/lib/gcc/avr/5.4.0/avr51/libgcc.a(_negsi2.o)
                0x000000000000264a                __negsi2
 .text.libgcc   0x000000000000265a        0x0 /usr/lib/gcc/avr/5.4.0/avr51/libgcc.a(_negsi2.o)
 .text.libgcc.prologue
                0x000000000000265a        0x0 /usr/lib/gcc/avr/5.4.0/avr51/libgcc.a(_negsi2.o)
 .text.libgcc.builtins
                0x000000000000265a        0x0 /usr/lib/gcc/avr/5.4.0/avr51/libgcc.a(_negsi2.o)
 .text.libgcc.fmul
                0x000000000000265a        0x0 /usr/lib/gcc/avr/5.4.0/avr51/libgcc.a(_negsi2.o)
 .text.libgcc.fixed
                0x000000000000265a        0x0 /usr/lib/gcc/avr/5.4.0/avr51/libgcc.a(_negsi2.o)
 .text.libgcc.mul
                0x000000000000265a        0x0 /usr/lib/gcc/avr/5.4.0/avr51/libgcc.a(_exit.o)
 .text.libgcc.div
                0x000000000000265a        0x0 /usr/lib/gcc/avr/5.4.0/avr51/libgcc.a(_exit.o)
 .text.libgcc   0x000000000000265a        0x0 /usr/lib/gcc/avr/5.4.0/avr51/libgcc.a(_exit.o)
 .text.libgcc.prologue
                0x000000000000265a        0x0 /usr/lib/gcc/avr/5.4.0/avr51/libgcc.a(_exit.o)
 .text.libgcc.builtins
                0x000000000000265a        0x0 /usr/lib/gcc/avr/5.4.0/avr51/libgcc.a(_exit.o)
 .text.libgcc.fmul
                0x000000000000265a        0x0 /usr/lib/gcc/avr/5.4.0/avr51/libgcc.a(_exit.o)
 .text.libgcc.fixed
                0x000000000000265a        0x0 /usr/lib/gcc/avr/5.4.0/avr51/libgcc.a(_exit.o)
 .text.libgcc.mul
                0x000000000000265a        0x0 /usr/lib/gcc/avr/5.4.0/avr51/libgcc.a(_tablejump2.o)
 .text.libgcc.div
                0x000000000000265a        0x0 /usr/lib/gcc/avr/5.4.0/avr51/libgcc.a(_tablejump2.o)
 .text.libgcc   0x000000000000265a       0x12 /usr/lib/gcc/avr/5.4.0/avr51/libgcc.a(_tablejump2.o)
                0x000000000000265a                __tablejump2__
 .text.libgcc.prologue
                0x000000000000266c        0x0 /usr/lib/gcc/avr/5.4.0/avr51/libgcc.a(_tablejump2.o)
 .text.libgcc.builtins
                0x000000000000266c        0x0 /usr/lib/gcc/avr/5.4.0/avr51/libgcc.a(_tablejump2.o)
 .text.libgcc.fmul
                0x000000000000266c        0x0 /usr/lib/gcc/avr/5.4.0/avr51/libgcc.a(_tablejump2.o)
 .text.libgcc.fixed
                0x000000000000266c        0x0 /usr/lib/gcc/avr/5.4.0/avr51/libgcc.a(_tablejump2.o)
 .text.libgcc.mul
                0x000000000000266c        0x0 /usr/lib/gcc/avr/5.4.0/avr51/libgcc.a(_copy_data.o)
 .text.libgcc.div
                0x000000000000266c        0x0 /usr/lib/gcc/avr/5.4.0/avr51/libgcc.a(_copy_data.o)
 .text.libgcc   0x000000000000266c        0x0 /usr/lib/gcc/avr/5.4.0/avr51/libgcc.a(_copy_data.o)
 .text.libgcc.prologue
                0x000000000000266c        0x0 /usr/lib/gcc/avr/5.4.0/avr51/libgcc.a(_copy_data.o)
 .text.libgcc.builtins
                0x000000000000266c        0x0 /usr/lib/gcc/avr/5.4.0/avr51/libgcc.a(_copy_data.o)
 .text.libgcc.fmul
                0x000000000000266c        0x0 /usr/lib/gcc/avr/5.4.0/avr51/libgcc.a(_copy_data.o)
 .text.libgcc.fixed
                0x000000000000266c        0x0 /usr/lib/gcc/avr/5.4.0/avr51/libgcc.a(_copy_data.o)
 .text.libgcc.mul
                0x000000000000266c        0x0 /usr/lib/gcc/avr/5.4.0/avr51/libgcc.a(_clear_bss.o)
 .text.libgcc.div
                0x000000000000266c        0x0 /usr/lib/gcc/avr/5.4.0/avr51/libgcc.a(_clear_bss.o)
 .text.libgcc   0x000000000000266c        0x0 /usr/lib/gcc/avr/5.4.0/avr51/libgcc.a(_clear_bss.o)
 .text.libgcc.prologue
                0x000000000000266c        0x0 /usr/lib/gcc/avr/5.4.0/avr51/libgcc.a(_clear_bss.o)
 .text.libgcc.builtins
                0x000000000000266c        0x0 /usr/lib/gcc/avr/5.4.0/avr51/libgcc.a(_clear_bss.o)
 .text.libgcc.fmul
                0x000000000000266c        0x0 /usr/lib/gcc/avr/5.4.0/avr51/libgcc.a(_clear_bss.o)
 .text.libgcc.fixed
                0x000000000000266c        0x0 /usr/lib/gcc/avr/5.4.0/avr51/libgcc.a(_clear_bss.o)
 .text.libgcc.mul
                0x000000000000266c       0x1e /usr/lib/gcc/avr/5.4.0/avr51/libgcc.a(_umulhisi3.o)
                0x000000000000266c                __umulhisi3
 .text.libgcc.div
                0x000000000000268a        0x0 /usr/lib/gcc/avr/5.4.0/avr51/libgcc.a(_umulhisi3.o)
 .text.libgcc   0x000000000000268a        0x0 /usr/lib/gcc/avr/5.4.0/avr51/libgcc.a(_umulhisi3.o)
 .text.libgcc.prologue
                0x000000000000268a        0x0 /usr/lib/gcc/avr/5.4.0/avr51/libgcc.a(_umulhisi3.o)
 .text.libgcc.builtins
                0x000000000000268a        0x0 /usr/lib/gcc/avr/5.4.0/avr51/libgcc.a(_umulhisi3.o)
 .text.libgcc.fmul
                0x000000000000268a        0x0 /usr/lib/gcc/avr/5.4.0/avr51/libgcc.a(_umulhisi3.o)
 .text.libgcc.fixed
                0x000000000000268a        0x0 /usr/lib/gcc/avr/5.4.0/avr51/libgcc.a(_umulhisi3.o)
 .text.libgcc.mul
                0x000000000000268a        0x0 /usr/lib/gcc/avr/5.4.0/avr51/libgcc.a(_udivmodhi4.o)
 .text.libgcc.div
                0x000000000000268a       0x28 /usr/lib/gcc/avr/5.4.0/avr51/libgcc.a(_udivmodhi4.o)
                0x000000000000268a                __udivmodhi4
 .text.libgcc   0x00000000000026b2        0x0 /usr/lib/gcc/avr/5.4.0/avr51/libgcc.a(_udivmodhi4.o)
 .text.libgcc.prologue
                0x00000000000026b2        0x0 /usr/lib/gcc/avr/5.4.0/avr51/libgcc.a(_udivmodhi4.o)
 .text.libgcc.builtins
                0x00000000000026b2        0x0 /usr/lib/gcc/avr/5.4.0/avr51/libgcc.a(_udivmodhi4.o)
 .text.libgcc.fmul
                0x00000000000026b2        0x0 /usr/lib/gcc/avr/5.4.0/avr51/libgcc.a(_udivmodhi4.o)
 .text.libgcc.fixed
                0x00000000000026b2        0x0 /usr/lib/gcc/avr/5.4.0/avr51/libgcc.a(_udivmodhi4.o)
 .text.libgcc.mul
                0x00000000000026b2        0x0 /usr/lib/gcc/avr/5.4.0/avr51/libgcc.a(_udivmodsi4.o)
 .text.libgcc.div
                0x00000000000026b2       0x44 /usr/lib/gcc/avr/5.4.0/avr51/libgcc.a(_udivmodsi4.o)
                0x00000000000026b2                __udivmodsi4
 .text.libgcc   0x00000000000026f6        0x0 /usr/lib/gcc/avr/5.4.0/avr51/libgcc.a(_udivmodsi4.o)
 .text.libgcc.prologue
                0x00000000000026f6        0x0 /usr/lib/gcc/avr/5.4.0/avr51/libgcc.a(_udivmodsi4.o)
 .text.libgcc.builtins
                0x00000000000026f6        0x0 /usr/lib/gcc/avr/5.4.0/avr51/libgcc.a(_udivmodsi4.o)
 .text.libgcc.fmul
                0x00000000000026f6        0x0 /usr/lib/gcc/avr/5.4.0/avr51/libgcc.a(_udivmodsi4.o)
 .text.libgcc.fixed
                0x00000000000026f6        0x0 /usr/lib/gcc/avr/5.4.0/avr51/libgcc.a(_udivmodsi4.o)
 .text.avr-libc
                0x00000000000026f6       0x16 /usr/lib/gcc/avr/5.4.0/../../../avr/lib/avr51/libc.a(itoa_ncheck.o)
                0x00000000000026f6                __itoa_ncheck
 .text.avr-libc
                0x000000000000270c       0x34 /usr/lib/gcc/avr/5.4.0/../../../avr/lib/avr51/libc.a(utoa_ncheck.o)
                0x000000000000270c                __utoa_ncheck
                0x000000000000270e                __utoa_common
 .text.avr-libc
                0x0000000000002740       0x20 /usr/lib/gcc/avr/5.4.0/../../../avr/lib/avr51/libc.a(strrev.o)
                0x0000000000002740                strrev
 .text.avr-libc
                0x0000000000002760       0x10 /usr/lib/gcc/avr/5.4.0/../../../avr/lib/avr51/libatmega128.a(eerd_byte.o)
                0x0000000000002760                eeprom_read_byte
 .text.avr-libc
                0x0000000000002770        0xc /usr/lib/gcc/avr/5.4.0/../../../avr/lib/avr51/libatmega128.a(eerd_word.o)
                0x0000000000002770                eeprom_read_word
 .text.avr-libc
                0x000000000000277c       0x1a /usr/lib/gcc/avr/5.4.0/../../../avr/lib/avr51/libatmega128.a(eewr_byte.o)
                0x000000000000277c                eeprom_write_byte
                0x000000000000277e                eeprom_write_r18
 .text.avr-libc
                0x0000000000002796        0xa /usr/lib/gcc/avr/5.4.0/../../../avr/lib/avr51/libatmega128.a(eewr_word.o)
                0x0000000000002796                eeprom_write_word
 .text.avr-libc
                0x00000000000027a0       0x20 /usr/lib/gcc/avr/5.4.0/../../../avr/lib/avr51/libatmega128.a(eerd_block.o)
                0x00000000000027a0                eeprom_read_block
                0x00000000000027a4                eeprom_read_blraw
                0x00000000000027c0                . = ALIGN (0x2)
 *(.fini9)
 .fini9         0x00000000000027c0        0x0 /usr/lib/gcc/avr/5.4.0/avr51/libgcc.a(_exit.o)
                0x00000000000027c0                exit
                0x00000000000027c0                _exit
 *(.fini9)
 *(.fini8)
 *(.fini8)
 *(.fini7)
 *(.fini7)
 *(.fini6)
 *(.fini6)
 *(.fini5)
 *(.fini5)
 *(.fini4)
 *(.fini4)
 *(.fini3)
 *(.fini3)
 *(.fini2)
 *(.fini2)
 *(.fini1)
 *(.fini1)
 *(.fini0)
 .fini0         0x00000000000027c0        0x4 /usr/lib/gcc/avr/5.4.0/avr51/libgcc.a(_exit.o)
 *(.fini0)
                0x00000000000027c4                _etext = .

.data           0x0000000000800100      0x178 load address 0x00000000000027c4
                0x0000000000800100                PROVIDE (__data_start, .)
 *(.data)
 .data          0x0000000000800100        0x0 /usr/lib/gcc/avr/5.4.0/../../../avr/lib/avr51/crtatmega128.o
 .data          0x0000000000800100       0x5a final.o
                0x0000000000800100                dec_to_7seg
                0x000000000080010d                segment_data
                0x0000000000800112                seconds_holder
                0x0000000000800114                alarm_time
                0x0000000000800116                time
                0x0000000000800118                lcd_temp_array
                0x0000000000800138                alarm_str
                0x0000000000800158                fm_freq
 .data          0x000000000080015a        0x0 si4734_driver/si4734.o
 .data          0x000000000080015a        0x0 uart_functions.o
 .data          0x000000000080015a        0x0 twi_master/twi_master.o
 .data          0x000000000080015a        0x0 lm73_functions.o
 .data          0x000000000080015a        0x0 hd44780.o
 .data          0x000000000080015a        0x0 /usr/lib/gcc/avr/5.4.0/avr51/libgcc.a(_divmodhi4.o)
 .data          0x000000000080015a        0x0 /usr/lib/gcc/avr/5.4.0/avr51/libgcc.a(_divmodsi4.o)
 .data          0x000000000080015a        0x0 /usr/lib/gcc/avr/5.4.0/avr51/libgcc.a(_negsi2.o)
 .data          0x000000000080015a        0x0 /usr/lib/gcc/avr/5.4.0/avr51/libgcc.a(_exit.o)
 .data          0x000000000080015a        0x0 /usr/lib/gcc/avr/5.4.0/avr51/libgcc.a(_tablejump2.o)
 .data          0x000000000080015a        0x0 /usr/lib/gcc/avr/5.4.0/avr51/libgcc.a(_copy_data.o)
 .data          0x000000000080015a        0x0 /usr/lib/gcc/avr/5.4.0/avr51/libgcc.a(_clear_bss.o)
 .data          0x000000000080015a        0x0 /usr/lib/gcc/avr/5.4.0/avr51/libgcc.a(_umulhisi3.o)
 .data          0x000000000080015a        0x0 /usr/lib/gcc/avr/5.4.0/avr51/libgcc.a(_udivmodhi4.o)
 .data          0x000000000080015a        0x0 /usr/lib/gcc/avr/5.4.0/avr51/libgcc.a(_udivmodsi4.o)
 .data          0x000000000080015a        0x0 /usr/lib/gcc/avr/5.4.0/../../../avr/lib/avr51/libc.a(itoa_ncheck.o)
 .data          0x000000000080015a        0x0 /usr/lib/gcc/avr/5.4.0/../../../avr/lib/avr51/libc.a(utoa_ncheck.o)
 .data          0x000000000080015a        0x0 /usr/lib/gcc/avr/5.4.0/../../../avr/lib/avr51/libc.a(strrev.o)
 .data          0x000000000080015a        0x0 /usr/lib/gcc/avr/5.4.0/../../../avr/lib/avr51/libatmega128.a(eerd_byte.o)
 .data          0x000000000080015a        0x0 /usr/lib/gcc/avr/5.4.0/../../../avr/lib/avr51/libatmega128.a(eerd_word.o)
 .data          0x000000000080015a        0x0 /usr/lib/gcc/avr/5.4.0/../../../avr/lib/avr51/libatmega128.a(eewr_byte.o)
 .data          0x000000000080015a        0x0 /usr/lib/gcc/avr/5.4.0/../../../avr/lib/avr51/libatmega128.a(eewr_word.o)
 .data          0x000000000080015a        0x0 /usr/lib/gcc/avr/5.4.0/../../../avr/lib/avr51/libatmega128.a(eerd_block.o)
 *(.data*)
 *(.gnu.linkonce.d*)
 *(.rodata)
 .rodata        0x000000000080015a       0x20 final.o
 *(.rodata*)
 .rodata.str1.1
                0x000000000080017a       0xfd si4734_driver/si4734.o
                                        0x10e (size before relaxing)
 *(.gnu.linkonce.r*)
                0x0000000000800278                . = ALIGN (0x2)
 *fill*         0x0000000000800277        0x1 
                0x0000000000800278                _edata = .
                0x0000000000800278                PROVIDE (__data_end, .)

.bss            0x0000000000800278      0x195
                0x0000000000800278                PROVIDE (__bss_start, .)
 *(.bss)
 .bss           0x0000000000800278        0x0 /usr/lib/gcc/avr/5.4.0/../../../avr/lib/avr51/crtatmega128.o
 .bss           0x0000000000800278       0x35 final.o
                0x0000000000800278                r_counter
                0x000000000080027a                state_counter
                0x000000000080027c                read
                0x000000000080027e                mode
                0x000000000080027f                incr_alarm
                0x0000000000800281                incr_time
                0x0000000000800283                seconds
                0x0000000000800285                snooze_seconds
                0x0000000000800287                snooze_time
                0x0000000000800289                display
                0x000000000080028b                tone
                0x000000000080028d                dp
                0x000000000080028f                alarm
                0x0000000000800291                time_setting
                0x0000000000800293                new_data
                0x0000000000800294                sound
                0x0000000000800296                radio_status
                0x0000000000800297                radio
 .bss           0x00000000008002ad        0x0 si4734_driver/si4734.o
 .bss           0x00000000008002ad        0x0 uart_functions.o
 .bss           0x00000000008002ad        0x1 twi_master/twi_master.o
 .bss           0x00000000008002ae        0x0 lm73_functions.o
 .bss           0x00000000008002ae        0x2 hd44780.o
 .bss           0x00000000008002b0        0x0 /usr/lib/gcc/avr/5.4.0/avr51/libgcc.a(_divmodhi4.o)
 .bss           0x00000000008002b0        0x0 /usr/lib/gcc/avr/5.4.0/avr51/libgcc.a(_divmodsi4.o)
 .bss           0x00000000008002b0        0x0 /usr/lib/gcc/avr/5.4.0/avr51/libgcc.a(_negsi2.o)
 .bss           0x00000000008002b0        0x0 /usr/lib/gcc/avr/5.4.0/avr51/libgcc.a(_exit.o)
 .bss           0x00000000008002b0        0x0 /usr/lib/gcc/avr/5.4.0/avr51/libgcc.a(_tablejump2.o)
 .bss           0x00000000008002b0        0x0 /usr/lib/gcc/avr/5.4.0/avr51/libgcc.a(_copy_data.o)
 .bss           0x00000000008002b0        0x0 /usr/lib/gcc/avr/5.4.0/avr51/libgcc.a(_clear_bss.o)
 .bss           0x00000000008002b0        0x0 /usr/lib/gcc/avr/5.4.0/avr51/libgcc.a(_umulhisi3.o)
 .bss           0x00000000008002b0        0x0 /usr/lib/gcc/avr/5.4.0/avr51/libgcc.a(_udivmodhi4.o)
 .bss           0x00000000008002b0        0x0 /usr/lib/gcc/avr/5.4.0/avr51/libgcc.a(_udivmodsi4.o)
 .bss           0x00000000008002b0        0x0 /usr/lib/gcc/avr/5.4.0/../../../avr/lib/avr51/libc.a(itoa_ncheck.o)
 .bss           0x00000000008002b0        0x0 /usr/lib/gcc/avr/5.4.0/../../../avr/lib/avr51/libc.a(utoa_ncheck.o)
 .bss           0x00000000008002b0        0x0 /usr/lib/gcc/avr/5.4.0/../../../avr/lib/avr51/libc.a(strrev.o)
 .bss           0x00000000008002b0        0x0 /usr/lib/gcc/avr/5.4.0/../../../avr/lib/avr51/libatmega128.a(eerd_byte.o)
 .bss           0x00000000008002b0        0x0 /usr/lib/gcc/avr/5.4.0/../../../avr/lib/avr51/libatmega128.a(eerd_word.o)
 .bss           0x00000000008002b0        0x0 /usr/lib/gcc/avr/5.4.0/../../../avr/lib/avr51/libatmega128.a(eewr_byte.o)
 .bss           0x00000000008002b0        0x0 /usr/lib/gcc/avr/5.4.0/../../../avr/lib/avr51/libatmega128.a(eewr_word.o)
 .bss           0x00000000008002b0        0x0 /usr/lib/gcc/avr/5.4.0/../../../avr/lib/avr51/libatmega128.a(eerd_block.o)
 *(.bss*)
 *(COMMON)
 COMMON         0x00000000008002b0       0x65 final.o
                0x00000000008002b0                eeprom_volume
                0x00000000008002b1                eeprom_fm_freq
                0x00000000008002b3                rcv_rdy
                0x00000000008002b4                saveA
                0x00000000008002b5                current_radio_band
                0x00000000008002b7                incr_freq
                0x00000000008002b8                old_A
                0x00000000008002ba                si4734_wr_buf
                0x00000000008002c3                old_B
                0x00000000008002c5                si4734_tune_status_buf
                0x00000000008002cd                eeprom_am_freq
                0x00000000008002cf                saveB
                0x00000000008002d0                old_C
                0x00000000008002d2                uart_buf
                0x00000000008002e2                current_volume
                0x00000000008002e3                i
                0x00000000008002e5                current_am_freq
                0x00000000008002e7                old_D
                0x00000000008002e9                current_fm_freq
                0x00000000008002eb                STC_interrupt
                0x00000000008002ec                adc_data
                0x00000000008002ee                temp_str
                0x000000000080030e                current_sw_freq
                0x0000000000800310                raw_encoder_valR
                0x0000000000800311                raw_encoder_val
                0x0000000000800312                eeprom_sw_freq
                0x0000000000800314                rx_char
 COMMON         0x0000000000800315       0x1f si4734_driver/si4734.o
                0x0000000000800315                si4734_revision_buf
                0x0000000000800325                si4734_rd_buf
 COMMON         0x0000000000800334       0xa0 uart_functions.o
                0x0000000000800334                uart_tx_buf
                0x000000000080035c                uart1_tx_buf
                0x0000000000800384                uart1_rx_buf
                0x00000000008003ac                uart_rx_buf
 COMMON         0x00000000008003d4        0x5 twi_master/twi_master.o
                0x00000000008003d4                twi_state
                0x00000000008003d5                twi_buf
                0x00000000008003d7                twi_bus_addr
                0x00000000008003d8                twi_msg_size
 COMMON         0x00000000008003d9        0x4 lm73_functions.o
                0x00000000008003d9                lm73_wr_buf
                0x00000000008003db                lm73_rd_buf
 COMMON         0x00000000008003dd       0x30 hd44780.o
                0x00000000008003dd                lcd_string_array
                0x00000000008003fd                lcd_str
                0x000000000080040d                PROVIDE (__bss_end, .)
                0x00000000000027c4                __data_load_start = LOADADDR (.data)
                0x000000000000293c                __data_load_end = (__data_load_start + SIZEOF (.data))

.noinit         0x000000000080040d        0x0
                [!provide]                        PROVIDE (__noinit_start, .)
 *(.noinit*)
                [!provide]                        PROVIDE (__noinit_end, .)
                0x000000000080040d                _end = .
                [!provide]                        PROVIDE (__heap_start, .)

.eeprom         0x0000000000810000        0x0
 *(.eeprom*)
                0x0000000000810000                __eeprom_end = .

.fuse
 *(.fuse)
 *(.lfuse)
 *(.hfuse)
 *(.efuse)

.lock
 *(.lock*)

.signature
 *(.signature*)

.user_signatures
 *(.user_signatures*)

.stab           0x0000000000000000     0x60f0
 *(.stab)
 .stab          0x0000000000000000     0x2748 final.o
 .stab          0x0000000000002748      0xfb4 si4734_driver/si4734.o
                                       0x11ac (size before relaxing)
 .stab          0x00000000000036fc      0x7ec uart_functions.o
                                        0xa08 (size before relaxing)
 .stab          0x0000000000003ee8      0x678 twi_master/twi_master.o
                                        0x894 (size before relaxing)
 .stab          0x0000000000004560      0x2f4 lm73_functions.o
                                        0x4bc (size before relaxing)
 .stab          0x0000000000004854     0x189c hd44780.o
                                       0x1ad0 (size before relaxing)

.stabstr        0x0000000000000000     0x2170
 *(.stabstr)
 .stabstr       0x0000000000000000     0x2170 final.o

.stab.excl
 *(.stab.excl)

.stab.exclstr
 *(.stab.exclstr)

.stab.index
 *(.stab.index)

.stab.indexstr
 *(.stab.indexstr)

.comment        0x0000000000000000       0x11
 *(.comment)
 .comment       0x0000000000000000       0x11 final.o
                                         0x12 (size before relaxing)
 .comment       0x0000000000000011       0x12 si4734_driver/si4734.o
 .comment       0x0000000000000011       0x12 uart_functions.o
 .comment       0x0000000000000011       0x12 twi_master/twi_master.o
 .comment       0x0000000000000011       0x12 lm73_functions.o
 .comment       0x0000000000000011       0x12 hd44780.o

.note.gnu.avr.deviceinfo
                0x0000000000000000       0x3c
 .note.gnu.avr.deviceinfo
                0x0000000000000000       0x3c /usr/lib/gcc/avr/5.4.0/../../../avr/lib/avr51/crtatmega128.o

.note.gnu.build-id
 *(.note.gnu.build-id)

.debug
 *(.debug)

.line
 *(.line)

.debug_srcinfo
 *(.debug_srcinfo)

.debug_sfnames
 *(.debug_sfnames)

.debug_aranges
 *(.debug_aranges)

.debug_pubnames
 *(.debug_pubnames)

.debug_info     0x0000000000000000      0x780
 *(.debug_info .gnu.linkonce.wi.*)
 .debug_info    0x0000000000000000      0x780 /usr/lib/gcc/avr/5.4.0/../../../avr/lib/avr51/crtatmega128.o

.debug_abbrev   0x0000000000000000      0x718
 *(.debug_abbrev)
 .debug_abbrev  0x0000000000000000      0x718 /usr/lib/gcc/avr/5.4.0/../../../avr/lib/avr51/crtatmega128.o

.debug_line     0x0000000000000000       0x1a
 *(.debug_line .debug_line.* .debug_line_end)
 .debug_line    0x0000000000000000       0x1a /usr/lib/gcc/avr/5.4.0/../../../avr/lib/avr51/crtatmega128.o

.debug_frame
 *(.debug_frame)

.debug_str      0x0000000000000000      0x27d
 *(.debug_str)
 .debug_str     0x0000000000000000      0x27d /usr/lib/gcc/avr/5.4.0/../../../avr/lib/avr51/crtatmega128.o

.debug_loc
 *(.debug_loc)

.debug_macinfo
 *(.debug_macinfo)

.debug_weaknames
 *(.debug_weaknames)

.debug_funcnames
 *(.debug_funcnames)

.debug_typenames
 *(.debug_typenames)

.debug_varnames
 *(.debug_varnames)

.debug_pubtypes
 *(.debug_pubtypes)

.debug_ranges
 *(.debug_ranges)

.debug_macro
 *(.debug_macro)
OUTPUT(final.elf elf32-avr)
LOAD linker stubs
