Archive member included to satisfy reference by file (symbol)

/usr/lib/gcc/avr/5.4.0/avr51/libgcc.a(_divmodhi4.o)
                              hd44780.o (__divmodhi4)
/usr/lib/gcc/avr/5.4.0/avr51/libgcc.a(_divmodsi4.o)
                              hd44780.o (__divmodsi4)
/usr/lib/gcc/avr/5.4.0/avr51/libgcc.a(_negsi2.o)
                              /usr/lib/gcc/avr/5.4.0/avr51/libgcc.a(_divmodsi4.o) (__negsi2)
/usr/lib/gcc/avr/5.4.0/avr51/libgcc.a(_exit.o)
                              /usr/lib/gcc/avr/5.4.0/../../../avr/lib/avr51/crtatmega128.o (exit)
/usr/lib/gcc/avr/5.4.0/avr51/libgcc.a(_tablejump2.o)
                              twi_master.o (__tablejump2__)
/usr/lib/gcc/avr/5.4.0/avr51/libgcc.a(_copy_data.o)
                              uart_rxtx.o (__do_copy_data)
/usr/lib/gcc/avr/5.4.0/avr51/libgcc.a(_clear_bss.o)
                              uart_rxtx.o (__do_clear_bss)
/usr/lib/gcc/avr/5.4.0/avr51/libgcc.a(_udivmodhi4.o)
                              /usr/lib/gcc/avr/5.4.0/avr51/libgcc.a(_divmodhi4.o) (__udivmodhi4)
/usr/lib/gcc/avr/5.4.0/avr51/libgcc.a(_udivmodsi4.o)
                              /usr/lib/gcc/avr/5.4.0/avr51/libgcc.a(_divmodsi4.o) (__udivmodsi4)
/usr/lib/gcc/avr/5.4.0/../../../avr/lib/avr51/libc.a(itoa_ncheck.o)
                              uart_rxtx.o (__itoa_ncheck)
/usr/lib/gcc/avr/5.4.0/../../../avr/lib/avr51/libc.a(utoa_ncheck.o)
                              /usr/lib/gcc/avr/5.4.0/../../../avr/lib/avr51/libc.a(itoa_ncheck.o) (__utoa_common)
/usr/lib/gcc/avr/5.4.0/../../../avr/lib/avr51/libc.a(strrev.o)
                              /usr/lib/gcc/avr/5.4.0/../../../avr/lib/avr51/libc.a(utoa_ncheck.o) (strrev)

Allocating common symbols
Common symbol       size              file

rcv_rdy             0x1               uart_rxtx.o
uart_tx_buf         0x28              uart_functions.o
twi_state           0x1               twi_master.o
twi_buf             0x2               twi_master.o
uart1_tx_buf        0x28              uart_functions.o
lcd_string_array    0x20              hd44780.o
lm73_wr_buf         0x2               lm73_functions.o
uart_buf            0x10              uart_rxtx.o
twi_bus_addr        0x1               twi_master.o
i                   0x1               uart_rxtx.o
lcd_str             0x10              hd44780.o
lcd_string          0x3               uart_rxtx.o
twi_msg_size        0x1               twi_master.o
uart1_rx_buf        0x28              uart_functions.o
lcd_str_array       0x20              uart_rxtx.o
lm73_rd_buf         0x2               lm73_functions.o
uart_rx_buf         0x28              uart_functions.o
rx_char             0x1               uart_rxtx.o

Memory Configuration

Name             Origin             Length             Attributes
text             0x0000000000000000 0x0000000000020000 xr
data             0x0000000000800100 0x000000000000ff00 rw !x
eeprom           0x0000000000810000 0x0000000000010000 rw !x
fuse             0x0000000000820000 0x0000000000000003 rw !x
lock             0x0000000000830000 0x0000000000000400 rw !x
signature        0x0000000000840000 0x0000000000000400 rw !x
user_signatures  0x0000000000850000 0x0000000000000400 rw !x
*default*        0x0000000000000000 0xffffffffffffffff

Linker script and memory map

Address of section .data set to 0x800100
LOAD /usr/lib/gcc/avr/5.4.0/../../../avr/lib/avr51/crtatmega128.o
LOAD uart_rxtx.o
LOAD uart_functions.o
LOAD hd44780.o
LOAD lm73_functions.o
LOAD twi_master.o
START GROUP
LOAD /usr/lib/gcc/avr/5.4.0/avr51/libgcc.a
LOAD /usr/lib/gcc/avr/5.4.0/../../../avr/lib/avr51/libm.a
LOAD /usr/lib/gcc/avr/5.4.0/../../../avr/lib/avr51/libc.a
LOAD /usr/lib/gcc/avr/5.4.0/../../../avr/lib/avr51/libatmega128.a
END GROUP
                0x0000000000000000                __TEXT_REGION_ORIGIN__ = DEFINED (__TEXT_REGION_ORIGIN__)?__TEXT_REGION_ORIGIN__:0x0
                0x0000000000800100                __DATA_REGION_ORIGIN__ = DEFINED (__DATA_REGION_ORIGIN__)?__DATA_REGION_ORIGIN__:0x800100
                0x0000000000020000                __TEXT_REGION_LENGTH__ = DEFINED (__TEXT_REGION_LENGTH__)?__TEXT_REGION_LENGTH__:0x20000
                0x000000000000ff00                __DATA_REGION_LENGTH__ = DEFINED (__DATA_REGION_LENGTH__)?__DATA_REGION_LENGTH__:0xff00
                0x0000000000010000                __EEPROM_REGION_LENGTH__ = DEFINED (__EEPROM_REGION_LENGTH__)?__EEPROM_REGION_LENGTH__:0x10000
                [0x0000000000000003]                __FUSE_REGION_LENGTH__ = DEFINED (__FUSE_REGION_LENGTH__)?__FUSE_REGION_LENGTH__:0x400
                0x0000000000000400                __LOCK_REGION_LENGTH__ = DEFINED (__LOCK_REGION_LENGTH__)?__LOCK_REGION_LENGTH__:0x400
                0x0000000000000400                __SIGNATURE_REGION_LENGTH__ = DEFINED (__SIGNATURE_REGION_LENGTH__)?__SIGNATURE_REGION_LENGTH__:0x400
                0x0000000000000400                __USER_SIGNATURE_REGION_LENGTH__ = DEFINED (__USER_SIGNATURE_REGION_LENGTH__)?__USER_SIGNATURE_REGION_LENGTH__:0x400

.hash
 *(.hash)

.dynsym
 *(.dynsym)

.dynstr
 *(.dynstr)

.gnu.version
 *(.gnu.version)

.gnu.version_d
 *(.gnu.version_d)

.gnu.version_r
 *(.gnu.version_r)

.rel.init
 *(.rel.init)

.rela.init
 *(.rela.init)

.rel.text
 *(.rel.text)
 *(.rel.text.*)
 *(.rel.gnu.linkonce.t*)

.rela.text
 *(.rela.text)
 *(.rela.text.*)
 *(.rela.gnu.linkonce.t*)

.rel.fini
 *(.rel.fini)

.rela.fini
 *(.rela.fini)

.rel.rodata
 *(.rel.rodata)
 *(.rel.rodata.*)
 *(.rel.gnu.linkonce.r*)

.rela.rodata
 *(.rela.rodata)
 *(.rela.rodata.*)
 *(.rela.gnu.linkonce.r*)

.rel.data
 *(.rel.data)
 *(.rel.data.*)
 *(.rel.gnu.linkonce.d*)

.rela.data
 *(.rela.data)
 *(.rela.data.*)
 *(.rela.gnu.linkonce.d*)

.rel.ctors
 *(.rel.ctors)

.rela.ctors
 *(.rela.ctors)

.rel.dtors
 *(.rel.dtors)

.rela.dtors
 *(.rela.dtors)

.rel.got
 *(.rel.got)

.rela.got
 *(.rela.got)

.rel.bss
 *(.rel.bss)

.rela.bss
 *(.rela.bss)

.rel.plt
 *(.rel.plt)

.rela.plt
 *(.rela.plt)

.text           0x0000000000000000      0xfaa
 *(.vectors)
 .vectors       0x0000000000000000       0x8c /usr/lib/gcc/avr/5.4.0/../../../avr/lib/avr51/crtatmega128.o
                0x0000000000000000                __vectors
                0x0000000000000000                __vector_default
 *(.vectors)
 *(.progmem.gcc*)
 .progmem.gcc_sw_table
                0x000000000000008c       0xa2 twi_master.o
                0x000000000000012e                . = ALIGN (0x2)
                0x000000000000012e                __trampolines_start = .
 *(.trampolines)
 .trampolines   0x000000000000012e        0x0 linker stubs
 *(.trampolines*)
                0x000000000000012e                __trampolines_end = .
 *libprintf_flt.a:*(.progmem.data)
 *libc.a:*(.progmem.data)
 *(.progmem*)
                0x000000000000012e                . = ALIGN (0x2)
 *(.jumptables)
 *(.jumptables*)
 *(.lowtext)
 *(.lowtext*)
                0x000000000000012e                __ctors_start = .
 *(.ctors)
                0x000000000000012e                __ctors_end = .
                0x000000000000012e                __dtors_start = .
 *(.dtors)
                0x000000000000012e                __dtors_end = .
 SORT(*)(.ctors)
 SORT(*)(.dtors)
 *(.init0)
 .init0         0x000000000000012e        0x0 /usr/lib/gcc/avr/5.4.0/../../../avr/lib/avr51/crtatmega128.o
                0x000000000000012e                __init
 *(.init0)
 *(.init1)
 *(.init1)
 *(.init2)
 .init2         0x000000000000012e        0xc /usr/lib/gcc/avr/5.4.0/../../../avr/lib/avr51/crtatmega128.o
 *(.init2)
 *(.init3)
 *(.init3)
 *(.init4)
 .init4         0x000000000000013a       0x1a /usr/lib/gcc/avr/5.4.0/avr51/libgcc.a(_copy_data.o)
                0x000000000000013a                __do_copy_data
 .init4         0x0000000000000154       0x10 /usr/lib/gcc/avr/5.4.0/avr51/libgcc.a(_clear_bss.o)
                0x0000000000000154                __do_clear_bss
 *(.init4)
 *(.init5)
 *(.init5)
 *(.init6)
 *(.init6)
 *(.init7)
 *(.init7)
 *(.init8)
 *(.init8)
 *(.init9)
 .init9         0x0000000000000164        0x8 /usr/lib/gcc/avr/5.4.0/../../../avr/lib/avr51/crtatmega128.o
 *(.init9)
 *(.text)
 .text          0x000000000000016c        0x4 /usr/lib/gcc/avr/5.4.0/../../../avr/lib/avr51/crtatmega128.o
                0x000000000000016c                __vector_22
                0x000000000000016c                __vector_28
                0x000000000000016c                __vector_1
                0x000000000000016c                __vector_32
                0x000000000000016c                __vector_34
                0x000000000000016c                __vector_24
                0x000000000000016c                __vector_12
                0x000000000000016c                __bad_interrupt
                0x000000000000016c                __vector_6
                0x000000000000016c                __vector_31
                0x000000000000016c                __vector_3
                0x000000000000016c                __vector_23
                0x000000000000016c                __vector_30
                0x000000000000016c                __vector_25
                0x000000000000016c                __vector_11
                0x000000000000016c                __vector_13
                0x000000000000016c                __vector_17
                0x000000000000016c                __vector_19
                0x000000000000016c                __vector_7
                0x000000000000016c                __vector_27
                0x000000000000016c                __vector_5
                0x000000000000016c                __vector_4
                0x000000000000016c                __vector_9
                0x000000000000016c                __vector_2
                0x000000000000016c                __vector_21
                0x000000000000016c                __vector_15
                0x000000000000016c                __vector_29
                0x000000000000016c                __vector_8
                0x000000000000016c                __vector_26
                0x000000000000016c                __vector_14
                0x000000000000016c                __vector_10
                0x000000000000016c                __vector_16
                0x000000000000016c                __vector_20
 .text          0x0000000000000170       0x6c uart_rxtx.o
                0x0000000000000170                spi_init
                0x0000000000000180                __vector_18
 .text          0x00000000000001dc       0xf6 uart_functions.o
                0x00000000000001dc                uart_putc
                0x00000000000001e8                uart1_putc
                0x00000000000001fe                uart_puts
                0x000000000000021a                uart1_puts
                0x0000000000000240                uart_puts_p
                0x0000000000000266                uart_init
                0x0000000000000280                uart1_init
                0x00000000000002a0                uart_getc
                0x00000000000002b6                uart1_getc
 .text          0x00000000000002d2      0x976 hd44780.o
                0x00000000000002d2                send_lcd
                0x00000000000002fc                refresh_lcd
                0x00000000000003c2                set_custom_character
                0x000000000000042e                set_cursor
                0x000000000000045a                uint2lcd
                0x000000000000052e                int2lcd
                0x0000000000000566                cursor_on
                0x000000000000058a                cursor_off
                0x00000000000005ae                shift_right
                0x00000000000005d2                shift_left
                0x00000000000005f6                strobe_lcd
                0x0000000000000608                clear_display
                0x0000000000000638                cursor_home
                0x0000000000000668                line2_col1
                0x000000000000068c                line1_col1
                0x00000000000006b0                fill_spaces
                0x00000000000006e4                char2lcd
                0x0000000000000708                string2lcd
                0x0000000000000762                lcd_init
                0x00000000000008e6                lcd_int32
                0x0000000000000a92                lcd_int16
 .text          0x0000000000000c48        0x2 lm73_functions.o
                0x0000000000000c48                lm73_temp_convert
 .text          0x0000000000000c4a      0x17c twi_master.o
                0x0000000000000c4a                __vector_33
                0x0000000000000d68                twi_busy
                0x0000000000000d70                twi_start_wr
                0x0000000000000d92                twi_start_rd
                0x0000000000000db4                init_twi
 .text          0x0000000000000dc6        0x0 /usr/lib/gcc/avr/5.4.0/avr51/libgcc.a(_divmodhi4.o)
 .text          0x0000000000000dc6        0x0 /usr/lib/gcc/avr/5.4.0/avr51/libgcc.a(_divmodsi4.o)
 .text          0x0000000000000dc6        0x0 /usr/lib/gcc/avr/5.4.0/avr51/libgcc.a(_negsi2.o)
 .text          0x0000000000000dc6        0x0 /usr/lib/gcc/avr/5.4.0/avr51/libgcc.a(_exit.o)
 .text          0x0000000000000dc6        0x0 /usr/lib/gcc/avr/5.4.0/avr51/libgcc.a(_tablejump2.o)
 .text          0x0000000000000dc6        0x0 /usr/lib/gcc/avr/5.4.0/avr51/libgcc.a(_copy_data.o)
 .text          0x0000000000000dc6        0x0 /usr/lib/gcc/avr/5.4.0/avr51/libgcc.a(_clear_bss.o)
 .text          0x0000000000000dc6        0x0 /usr/lib/gcc/avr/5.4.0/avr51/libgcc.a(_udivmodhi4.o)
 .text          0x0000000000000dc6        0x0 /usr/lib/gcc/avr/5.4.0/avr51/libgcc.a(_udivmodsi4.o)
 .text          0x0000000000000dc6        0x0 /usr/lib/gcc/avr/5.4.0/../../../avr/lib/avr51/libc.a(itoa_ncheck.o)
 .text          0x0000000000000dc6        0x0 /usr/lib/gcc/avr/5.4.0/../../../avr/lib/avr51/libc.a(utoa_ncheck.o)
 .text          0x0000000000000dc6        0x0 /usr/lib/gcc/avr/5.4.0/../../../avr/lib/avr51/libc.a(strrev.o)
                0x0000000000000dc6                . = ALIGN (0x2)
 *(.text.*)
 .text.startup  0x0000000000000dc6       0x92 uart_rxtx.o
                0x0000000000000dc6                main
 .text.libgcc.mul
                0x0000000000000e58        0x0 /usr/lib/gcc/avr/5.4.0/avr51/libgcc.a(_divmodhi4.o)
 .text.libgcc.div
                0x0000000000000e58       0x28 /usr/lib/gcc/avr/5.4.0/avr51/libgcc.a(_divmodhi4.o)
                0x0000000000000e58                __divmodhi4
                0x0000000000000e58                _div
 .text.libgcc   0x0000000000000e80        0x0 /usr/lib/gcc/avr/5.4.0/avr51/libgcc.a(_divmodhi4.o)
 .text.libgcc.prologue
                0x0000000000000e80        0x0 /usr/lib/gcc/avr/5.4.0/avr51/libgcc.a(_divmodhi4.o)
 .text.libgcc.builtins
                0x0000000000000e80        0x0 /usr/lib/gcc/avr/5.4.0/avr51/libgcc.a(_divmodhi4.o)
 .text.libgcc.fmul
                0x0000000000000e80        0x0 /usr/lib/gcc/avr/5.4.0/avr51/libgcc.a(_divmodhi4.o)
 .text.libgcc.fixed
                0x0000000000000e80        0x0 /usr/lib/gcc/avr/5.4.0/avr51/libgcc.a(_divmodhi4.o)
 .text.libgcc.mul
                0x0000000000000e80        0x0 /usr/lib/gcc/avr/5.4.0/avr51/libgcc.a(_divmodsi4.o)
 .text.libgcc.div
                0x0000000000000e80       0x2e /usr/lib/gcc/avr/5.4.0/avr51/libgcc.a(_divmodsi4.o)
                0x0000000000000e80                __divmodsi4
 .text.libgcc   0x0000000000000eae        0x0 /usr/lib/gcc/avr/5.4.0/avr51/libgcc.a(_divmodsi4.o)
 .text.libgcc.prologue
                0x0000000000000eae        0x0 /usr/lib/gcc/avr/5.4.0/avr51/libgcc.a(_divmodsi4.o)
 .text.libgcc.builtins
                0x0000000000000eae        0x0 /usr/lib/gcc/avr/5.4.0/avr51/libgcc.a(_divmodsi4.o)
 .text.libgcc.fmul
                0x0000000000000eae        0x0 /usr/lib/gcc/avr/5.4.0/avr51/libgcc.a(_divmodsi4.o)
 .text.libgcc.fixed
                0x0000000000000eae        0x0 /usr/lib/gcc/avr/5.4.0/avr51/libgcc.a(_divmodsi4.o)
 .text.libgcc.mul
                0x0000000000000eae        0x0 /usr/lib/gcc/avr/5.4.0/avr51/libgcc.a(_negsi2.o)
 .text.libgcc.div
                0x0000000000000eae       0x10 /usr/lib/gcc/avr/5.4.0/avr51/libgcc.a(_negsi2.o)
                0x0000000000000eae                __negsi2
 .text.libgcc   0x0000000000000ebe        0x0 /usr/lib/gcc/avr/5.4.0/avr51/libgcc.a(_negsi2.o)
 .text.libgcc.prologue
                0x0000000000000ebe        0x0 /usr/lib/gcc/avr/5.4.0/avr51/libgcc.a(_negsi2.o)
 .text.libgcc.builtins
                0x0000000000000ebe        0x0 /usr/lib/gcc/avr/5.4.0/avr51/libgcc.a(_negsi2.o)
 .text.libgcc.fmul
                0x0000000000000ebe        0x0 /usr/lib/gcc/avr/5.4.0/avr51/libgcc.a(_negsi2.o)
 .text.libgcc.fixed
                0x0000000000000ebe        0x0 /usr/lib/gcc/avr/5.4.0/avr51/libgcc.a(_negsi2.o)
 .text.libgcc.mul
                0x0000000000000ebe        0x0 /usr/lib/gcc/avr/5.4.0/avr51/libgcc.a(_exit.o)
 .text.libgcc.div
                0x0000000000000ebe        0x0 /usr/lib/gcc/avr/5.4.0/avr51/libgcc.a(_exit.o)
 .text.libgcc   0x0000000000000ebe        0x0 /usr/lib/gcc/avr/5.4.0/avr51/libgcc.a(_exit.o)
 .text.libgcc.prologue
                0x0000000000000ebe        0x0 /usr/lib/gcc/avr/5.4.0/avr51/libgcc.a(_exit.o)
 .text.libgcc.builtins
                0x0000000000000ebe        0x0 /usr/lib/gcc/avr/5.4.0/avr51/libgcc.a(_exit.o)
 .text.libgcc.fmul
                0x0000000000000ebe        0x0 /usr/lib/gcc/avr/5.4.0/avr51/libgcc.a(_exit.o)
 .text.libgcc.fixed
                0x0000000000000ebe        0x0 /usr/lib/gcc/avr/5.4.0/avr51/libgcc.a(_exit.o)
 .text.libgcc.mul
                0x0000000000000ebe        0x0 /usr/lib/gcc/avr/5.4.0/avr51/libgcc.a(_tablejump2.o)
 .text.libgcc.div
                0x0000000000000ebe        0x0 /usr/lib/gcc/avr/5.4.0/avr51/libgcc.a(_tablejump2.o)
 .text.libgcc   0x0000000000000ebe       0x12 /usr/lib/gcc/avr/5.4.0/avr51/libgcc.a(_tablejump2.o)
                0x0000000000000ebe                __tablejump2__
 .text.libgcc.prologue
                0x0000000000000ed0        0x0 /usr/lib/gcc/avr/5.4.0/avr51/libgcc.a(_tablejump2.o)
 .text.libgcc.builtins
                0x0000000000000ed0        0x0 /usr/lib/gcc/avr/5.4.0/avr51/libgcc.a(_tablejump2.o)
 .text.libgcc.fmul
                0x0000000000000ed0        0x0 /usr/lib/gcc/avr/5.4.0/avr51/libgcc.a(_tablejump2.o)
 .text.libgcc.fixed
                0x0000000000000ed0        0x0 /usr/lib/gcc/avr/5.4.0/avr51/libgcc.a(_tablejump2.o)
 .text.libgcc.mul
                0x0000000000000ed0        0x0 /usr/lib/gcc/avr/5.4.0/avr51/libgcc.a(_copy_data.o)
 .text.libgcc.div
                0x0000000000000ed0        0x0 /usr/lib/gcc/avr/5.4.0/avr51/libgcc.a(_copy_data.o)
 .text.libgcc   0x0000000000000ed0        0x0 /usr/lib/gcc/avr/5.4.0/avr51/libgcc.a(_copy_data.o)
 .text.libgcc.prologue
                0x0000000000000ed0        0x0 /usr/lib/gcc/avr/5.4.0/avr51/libgcc.a(_copy_data.o)
 .text.libgcc.builtins
                0x0000000000000ed0        0x0 /usr/lib/gcc/avr/5.4.0/avr51/libgcc.a(_copy_data.o)
 .text.libgcc.fmul
                0x0000000000000ed0        0x0 /usr/lib/gcc/avr/5.4.0/avr51/libgcc.a(_copy_data.o)
 .text.libgcc.fixed
                0x0000000000000ed0        0x0 /usr/lib/gcc/avr/5.4.0/avr51/libgcc.a(_copy_data.o)
 .text.libgcc.mul
                0x0000000000000ed0        0x0 /usr/lib/gcc/avr/5.4.0/avr51/libgcc.a(_clear_bss.o)
 .text.libgcc.div
                0x0000000000000ed0        0x0 /usr/lib/gcc/avr/5.4.0/avr51/libgcc.a(_clear_bss.o)
 .text.libgcc   0x0000000000000ed0        0x0 /usr/lib/gcc/avr/5.4.0/avr51/libgcc.a(_clear_bss.o)
 .text.libgcc.prologue
                0x0000000000000ed0        0x0 /usr/lib/gcc/avr/5.4.0/avr51/libgcc.a(_clear_bss.o)
 .text.libgcc.builtins
                0x0000000000000ed0        0x0 /usr/lib/gcc/avr/5.4.0/avr51/libgcc.a(_clear_bss.o)
 .text.libgcc.fmul
                0x0000000000000ed0        0x0 /usr/lib/gcc/avr/5.4.0/avr51/libgcc.a(_clear_bss.o)
 .text.libgcc.fixed
                0x0000000000000ed0        0x0 /usr/lib/gcc/avr/5.4.0/avr51/libgcc.a(_clear_bss.o)
 .text.libgcc.mul
                0x0000000000000ed0        0x0 /usr/lib/gcc/avr/5.4.0/avr51/libgcc.a(_udivmodhi4.o)
 .text.libgcc.div
                0x0000000000000ed0       0x28 /usr/lib/gcc/avr/5.4.0/avr51/libgcc.a(_udivmodhi4.o)
                0x0000000000000ed0                __udivmodhi4
 .text.libgcc   0x0000000000000ef8        0x0 /usr/lib/gcc/avr/5.4.0/avr51/libgcc.a(_udivmodhi4.o)
 .text.libgcc.prologue
                0x0000000000000ef8        0x0 /usr/lib/gcc/avr/5.4.0/avr51/libgcc.a(_udivmodhi4.o)
 .text.libgcc.builtins
                0x0000000000000ef8        0x0 /usr/lib/gcc/avr/5.4.0/avr51/libgcc.a(_udivmodhi4.o)
 .text.libgcc.fmul
                0x0000000000000ef8        0x0 /usr/lib/gcc/avr/5.4.0/avr51/libgcc.a(_udivmodhi4.o)
 .text.libgcc.fixed
                0x0000000000000ef8        0x0 /usr/lib/gcc/avr/5.4.0/avr51/libgcc.a(_udivmodhi4.o)
 .text.libgcc.mul
                0x0000000000000ef8        0x0 /usr/lib/gcc/avr/5.4.0/avr51/libgcc.a(_udivmodsi4.o)
 .text.libgcc.div
                0x0000000000000ef8       0x44 /usr/lib/gcc/avr/5.4.0/avr51/libgcc.a(_udivmodsi4.o)
                0x0000000000000ef8                __udivmodsi4
 .text.libgcc   0x0000000000000f3c        0x0 /usr/lib/gcc/avr/5.4.0/avr51/libgcc.a(_udivmodsi4.o)
 .text.libgcc.prologue
                0x0000000000000f3c        0x0 /usr/lib/gcc/avr/5.4.0/avr51/libgcc.a(_udivmodsi4.o)
 .text.libgcc.builtins
                0x0000000000000f3c        0x0 /usr/lib/gcc/avr/5.4.0/avr51/libgcc.a(_udivmodsi4.o)
 .text.libgcc.fmul
                0x0000000000000f3c        0x0 /usr/lib/gcc/avr/5.4.0/avr51/libgcc.a(_udivmodsi4.o)
 .text.libgcc.fixed
                0x0000000000000f3c        0x0 /usr/lib/gcc/avr/5.4.0/avr51/libgcc.a(_udivmodsi4.o)
 .text.avr-libc
                0x0000000000000f3c       0x16 /usr/lib/gcc/avr/5.4.0/../../../avr/lib/avr51/libc.a(itoa_ncheck.o)
                0x0000000000000f3c                __itoa_ncheck
 .text.avr-libc
                0x0000000000000f52       0x34 /usr/lib/gcc/avr/5.4.0/../../../avr/lib/avr51/libc.a(utoa_ncheck.o)
                0x0000000000000f52                __utoa_ncheck
                0x0000000000000f54                __utoa_common
 .text.avr-libc
                0x0000000000000f86       0x20 /usr/lib/gcc/avr/5.4.0/../../../avr/lib/avr51/libc.a(strrev.o)
                0x0000000000000f86                strrev
                0x0000000000000fa6                . = ALIGN (0x2)
 *(.fini9)
 .fini9         0x0000000000000fa6        0x0 /usr/lib/gcc/avr/5.4.0/avr51/libgcc.a(_exit.o)
                0x0000000000000fa6                exit
                0x0000000000000fa6                _exit
 *(.fini9)
 *(.fini8)
 *(.fini8)
 *(.fini7)
 *(.fini7)
 *(.fini6)
 *(.fini6)
 *(.fini5)
 *(.fini5)
 *(.fini4)
 *(.fini4)
 *(.fini3)
 *(.fini3)
 *(.fini2)
 *(.fini2)
 *(.fini1)
 *(.fini1)
 *(.fini0)
 .fini0         0x0000000000000fa6        0x4 /usr/lib/gcc/avr/5.4.0/avr51/libgcc.a(_exit.o)
 *(.fini0)
                0x0000000000000faa                _etext = .

.data           0x0000000000800100       0x22 load address 0x0000000000000faa
                0x0000000000800100                PROVIDE (__data_start, .)
 *(.data)
 .data          0x0000000000800100        0x0 /usr/lib/gcc/avr/5.4.0/../../../avr/lib/avr51/crtatmega128.o
 .data          0x0000000000800100       0x22 uart_rxtx.o
                0x0000000000800100                temp_str
                0x0000000000800120                remote_temp
 .data          0x0000000000800122        0x0 uart_functions.o
 .data          0x0000000000800122        0x0 hd44780.o
 .data          0x0000000000800122        0x0 lm73_functions.o
 .data          0x0000000000800122        0x0 twi_master.o
 .data          0x0000000000800122        0x0 /usr/lib/gcc/avr/5.4.0/avr51/libgcc.a(_divmodhi4.o)
 .data          0x0000000000800122        0x0 /usr/lib/gcc/avr/5.4.0/avr51/libgcc.a(_divmodsi4.o)
 .data          0x0000000000800122        0x0 /usr/lib/gcc/avr/5.4.0/avr51/libgcc.a(_negsi2.o)
 .data          0x0000000000800122        0x0 /usr/lib/gcc/avr/5.4.0/avr51/libgcc.a(_exit.o)
 .data          0x0000000000800122        0x0 /usr/lib/gcc/avr/5.4.0/avr51/libgcc.a(_tablejump2.o)
 .data          0x0000000000800122        0x0 /usr/lib/gcc/avr/5.4.0/avr51/libgcc.a(_copy_data.o)
 .data          0x0000000000800122        0x0 /usr/lib/gcc/avr/5.4.0/avr51/libgcc.a(_clear_bss.o)
 .data          0x0000000000800122        0x0 /usr/lib/gcc/avr/5.4.0/avr51/libgcc.a(_udivmodhi4.o)
 .data          0x0000000000800122        0x0 /usr/lib/gcc/avr/5.4.0/avr51/libgcc.a(_udivmodsi4.o)
 .data          0x0000000000800122        0x0 /usr/lib/gcc/avr/5.4.0/../../../avr/lib/avr51/libc.a(itoa_ncheck.o)
 .data          0x0000000000800122        0x0 /usr/lib/gcc/avr/5.4.0/../../../avr/lib/avr51/libc.a(utoa_ncheck.o)
 .data          0x0000000000800122        0x0 /usr/lib/gcc/avr/5.4.0/../../../avr/lib/avr51/libc.a(strrev.o)
 *(.data*)
 *(.gnu.linkonce.d*)
 *(.rodata)
 *(.rodata*)
 *(.gnu.linkonce.r*)
                0x0000000000800122                . = ALIGN (0x2)
                0x0000000000800122                _edata = .
                0x0000000000800122                PROVIDE (__data_end, .)

.bss            0x0000000000800122      0x114
                0x0000000000800122                PROVIDE (__bss_start, .)
 *(.bss)
 .bss           0x0000000000800122        0x0 /usr/lib/gcc/avr/5.4.0/../../../avr/lib/avr51/crtatmega128.o
 .bss           0x0000000000800122        0x2 uart_rxtx.o
                0x0000000000800122                send_seq
 .bss           0x0000000000800124        0x0 uart_functions.o
 .bss           0x0000000000800124        0x2 hd44780.o
 .bss           0x0000000000800126        0x0 lm73_functions.o
 .bss           0x0000000000800126        0x1 twi_master.o
 .bss           0x0000000000800127        0x0 /usr/lib/gcc/avr/5.4.0/avr51/libgcc.a(_divmodhi4.o)
 .bss           0x0000000000800127        0x0 /usr/lib/gcc/avr/5.4.0/avr51/libgcc.a(_divmodsi4.o)
 .bss           0x0000000000800127        0x0 /usr/lib/gcc/avr/5.4.0/avr51/libgcc.a(_negsi2.o)
 .bss           0x0000000000800127        0x0 /usr/lib/gcc/avr/5.4.0/avr51/libgcc.a(_exit.o)
 .bss           0x0000000000800127        0x0 /usr/lib/gcc/avr/5.4.0/avr51/libgcc.a(_tablejump2.o)
 .bss           0x0000000000800127        0x0 /usr/lib/gcc/avr/5.4.0/avr51/libgcc.a(_copy_data.o)
 .bss           0x0000000000800127        0x0 /usr/lib/gcc/avr/5.4.0/avr51/libgcc.a(_clear_bss.o)
 .bss           0x0000000000800127        0x0 /usr/lib/gcc/avr/5.4.0/avr51/libgcc.a(_udivmodhi4.o)
 .bss           0x0000000000800127        0x0 /usr/lib/gcc/avr/5.4.0/avr51/libgcc.a(_udivmodsi4.o)
 .bss           0x0000000000800127        0x0 /usr/lib/gcc/avr/5.4.0/../../../avr/lib/avr51/libc.a(itoa_ncheck.o)
 .bss           0x0000000000800127        0x0 /usr/lib/gcc/avr/5.4.0/../../../avr/lib/avr51/libc.a(utoa_ncheck.o)
 .bss           0x0000000000800127        0x0 /usr/lib/gcc/avr/5.4.0/../../../avr/lib/avr51/libc.a(strrev.o)
 *(.bss*)
 *(COMMON)
 COMMON         0x0000000000800127       0x36 uart_rxtx.o
                0x0000000000800127                rcv_rdy
                0x0000000000800128                uart_buf
                0x0000000000800138                i
                0x0000000000800139                lcd_string
                0x000000000080013c                lcd_str_array
                0x000000000080015c                rx_char
 COMMON         0x000000000080015d       0xa0 uart_functions.o
                0x000000000080015d                uart_tx_buf
                0x0000000000800185                uart1_tx_buf
                0x00000000008001ad                uart1_rx_buf
                0x00000000008001d5                uart_rx_buf
 COMMON         0x00000000008001fd       0x30 hd44780.o
                0x00000000008001fd                lcd_string_array
                0x000000000080021d                lcd_str
 COMMON         0x000000000080022d        0x4 lm73_functions.o
                0x000000000080022d                lm73_wr_buf
                0x000000000080022f                lm73_rd_buf
 COMMON         0x0000000000800231        0x5 twi_master.o
                0x0000000000800231                twi_state
                0x0000000000800232                twi_buf
                0x0000000000800234                twi_bus_addr
                0x0000000000800235                twi_msg_size
                0x0000000000800236                PROVIDE (__bss_end, .)
                0x0000000000000faa                __data_load_start = LOADADDR (.data)
                0x0000000000000fcc                __data_load_end = (__data_load_start + SIZEOF (.data))

.noinit         0x0000000000800236        0x0
                [!provide]                        PROVIDE (__noinit_start, .)
 *(.noinit*)
                [!provide]                        PROVIDE (__noinit_end, .)
                0x0000000000800236                _end = .
                [!provide]                        PROVIDE (__heap_start, .)

.eeprom         0x0000000000810000        0x0
 *(.eeprom*)
                0x0000000000810000                __eeprom_end = .

.fuse
 *(.fuse)
 *(.lfuse)
 *(.hfuse)
 *(.efuse)

.lock
 *(.lock*)

.signature
 *(.signature*)

.user_signatures
 *(.user_signatures*)

.stab           0x0000000000000000     0x3270
 *(.stab)
 .stab          0x0000000000000000      0x7d4 uart_rxtx.o
 .stab          0x00000000000007d4      0x7ec uart_functions.o
                                        0xa08 (size before relaxing)
 .stab          0x0000000000000fc0     0x18d8 hd44780.o
                                       0x1ad0 (size before relaxing)
 .stab          0x0000000000002898      0x360 lm73_functions.o
                                        0x528 (size before relaxing)
 .stab          0x0000000000002bf8      0x678 twi_master.o
                                        0x894 (size before relaxing)

.stabstr        0x0000000000000000     0x1605
 *(.stabstr)
 .stabstr       0x0000000000000000     0x1605 uart_rxtx.o

.stab.excl
 *(.stab.excl)

.stab.exclstr
 *(.stab.exclstr)

.stab.index
 *(.stab.index)

.stab.indexstr
 *(.stab.indexstr)

.comment        0x0000000000000000       0x11
 *(.comment)
 .comment       0x0000000000000000       0x11 uart_rxtx.o
                                         0x12 (size before relaxing)
 .comment       0x0000000000000011       0x12 uart_functions.o
 .comment       0x0000000000000011       0x12 hd44780.o
 .comment       0x0000000000000011       0x12 lm73_functions.o
 .comment       0x0000000000000011       0x12 twi_master.o

.note.gnu.avr.deviceinfo
                0x0000000000000000       0x3c
 .note.gnu.avr.deviceinfo
                0x0000000000000000       0x3c /usr/lib/gcc/avr/5.4.0/../../../avr/lib/avr51/crtatmega128.o

.note.gnu.build-id
 *(.note.gnu.build-id)

.debug
 *(.debug)

.line
 *(.line)

.debug_srcinfo
 *(.debug_srcinfo)

.debug_sfnames
 *(.debug_sfnames)

.debug_aranges
 *(.debug_aranges)

.debug_pubnames
 *(.debug_pubnames)

.debug_info     0x0000000000000000      0x780
 *(.debug_info .gnu.linkonce.wi.*)
 .debug_info    0x0000000000000000      0x780 /usr/lib/gcc/avr/5.4.0/../../../avr/lib/avr51/crtatmega128.o

.debug_abbrev   0x0000000000000000      0x718
 *(.debug_abbrev)
 .debug_abbrev  0x0000000000000000      0x718 /usr/lib/gcc/avr/5.4.0/../../../avr/lib/avr51/crtatmega128.o

.debug_line     0x0000000000000000       0x1a
 *(.debug_line .debug_line.* .debug_line_end)
 .debug_line    0x0000000000000000       0x1a /usr/lib/gcc/avr/5.4.0/../../../avr/lib/avr51/crtatmega128.o

.debug_frame
 *(.debug_frame)

.debug_str      0x0000000000000000      0x27d
 *(.debug_str)
 .debug_str     0x0000000000000000      0x27d /usr/lib/gcc/avr/5.4.0/../../../avr/lib/avr51/crtatmega128.o

.debug_loc
 *(.debug_loc)

.debug_macinfo
 *(.debug_macinfo)

.debug_weaknames
 *(.debug_weaknames)

.debug_funcnames
 *(.debug_funcnames)

.debug_typenames
 *(.debug_typenames)

.debug_varnames
 *(.debug_varnames)

.debug_pubtypes
 *(.debug_pubtypes)

.debug_ranges
 *(.debug_ranges)

.debug_macro
 *(.debug_macro)
OUTPUT(uart_rxtx.elf elf32-avr)
LOAD linker stubs
